Component: ARM Compiler 5.06 update 1 (build 61) Tool: armlink [4d35a8]

==============================================================================

Section Cross References

    main.o(.text) refers to lcd.o(.text) for LCD_Clear
    main.o(.text) refers to key.o(.text) for KEY_Scan
    main.o(.text) refers to usr-c215.o(.text) for usrwifi_pointsend
    main.o(.text) refers to rt_memclr.o(.text) for __aeabi_memclr
    main.o(.text) refers to touch.o(.text) for TP_Draw_Big_Point
    main.o(.text) refers to delay.o(.text) for delay_ms
    main.o(.text) refers to functions.o(.text) for boardlight_fun
    main.o(.text) refers to lcd.o(.data) for POINT_COLOR
    main.o(.text) refers to lcd.o(.bss) for lcddev
    main.o(.text) refers to main.o(.bss) for msg
    main.o(.text) refers to touch.o(.data) for tp_dev
    main.o(.text) refers to main.o(.data) for tp
    system_stm32f10x.o(.text) refers to system_stm32f10x.o(.data) for SystemCoreClock
    startup_stm32f10x_hd.o(STACK) refers (Special) to heapauxi.o(.text) for __use_two_region_memory
    startup_stm32f10x_hd.o(HEAP) refers (Special) to heapauxi.o(.text) for __use_two_region_memory
    startup_stm32f10x_hd.o(RESET) refers (Special) to heapauxi.o(.text) for __use_two_region_memory
    startup_stm32f10x_hd.o(RESET) refers to startup_stm32f10x_hd.o(STACK) for __initial_sp
    startup_stm32f10x_hd.o(RESET) refers to startup_stm32f10x_hd.o(.text) for Reset_Handler
    startup_stm32f10x_hd.o(RESET) refers to stm32f10x_it.o(.text) for NMI_Handler
    startup_stm32f10x_hd.o(RESET) refers to usart2.o(.text) for TIM4_IRQHandler
    startup_stm32f10x_hd.o(RESET) refers to usart.o(.text) for USART1_IRQHandler
    startup_stm32f10x_hd.o(RESET) refers to usart3.o(.text) for USART3_IRQHandler
    startup_stm32f10x_hd.o(.text) refers (Special) to heapauxi.o(.text) for __use_two_region_memory
    startup_stm32f10x_hd.o(.text) refers to system_stm32f10x.o(.text) for SystemInit
    startup_stm32f10x_hd.o(.text) refers to __main.o(!!!main) for __main
    startup_stm32f10x_hd.o(.text) refers to startup_stm32f10x_hd.o(HEAP) for Heap_Mem
    startup_stm32f10x_hd.o(.text) refers to startup_stm32f10x_hd.o(STACK) for Stack_Mem
    stm32f10x_adc.o(.text) refers to stm32f10x_rcc.o(.text) for RCC_APB2PeriphResetCmd
    stm32f10x_bkp.o(.text) refers to stm32f10x_rcc.o(.text) for RCC_BackupResetCmd
    stm32f10x_can.o(.text) refers to stm32f10x_rcc.o(.text) for RCC_APB1PeriphResetCmd
    stm32f10x_cec.o(.text) refers to stm32f10x_rcc.o(.text) for RCC_APB1PeriphResetCmd
    stm32f10x_dac.o(.text) refers to stm32f10x_rcc.o(.text) for RCC_APB1PeriphResetCmd
    stm32f10x_gpio.o(.text) refers to stm32f10x_rcc.o(.text) for RCC_APB2PeriphResetCmd
    stm32f10x_i2c.o(.text) refers to stm32f10x_rcc.o(.text) for RCC_APB1PeriphResetCmd
    stm32f10x_pwr.o(.text) refers to stm32f10x_rcc.o(.text) for RCC_APB1PeriphResetCmd
    stm32f10x_rcc.o(.text) refers to stm32f10x_rcc.o(.data) for APBAHBPrescTable
    stm32f10x_spi.o(.text) refers to stm32f10x_rcc.o(.text) for RCC_APB2PeriphResetCmd
    stm32f10x_tim.o(.text) refers to stm32f10x_rcc.o(.text) for RCC_APB2PeriphResetCmd
    stm32f10x_usart.o(.text) refers to stm32f10x_rcc.o(.text) for RCC_APB2PeriphResetCmd
    stm32f10x_wwdg.o(.text) refers to stm32f10x_rcc.o(.text) for RCC_APB1PeriphResetCmd
    delay.o(.text) refers to misc.o(.text) for SysTick_CLKSourceConfig
    delay.o(.text) refers to system_stm32f10x.o(.data) for SystemCoreClock
    delay.o(.text) refers to delay.o(.data) for fac_us
    sys.o(.text) refers to misc.o(.text) for NVIC_PriorityGroupConfig
    usart.o(.text) refers (Special) to use_no_semi_2.o(.text) for __use_no_semihosting
    usart.o(.text) refers to stm32f10x_rcc.o(.text) for RCC_APB2PeriphClockCmd
    usart.o(.text) refers to stm32f10x_gpio.o(.text) for GPIO_Init
    usart.o(.text) refers to misc.o(.text) for NVIC_Init
    usart.o(.text) refers to stm32f10x_usart.o(.text) for USART_Init
    usart.o(.text) refers to stm32f10x_dma.o(.text) for DMA_Cmd
    usart.o(.text) refers to c89vsprintf.o(.text) for __c89vsprintf
    usart.o(.text) refers to usart.o(.data) for USART_RX_STA
    usart.o(.text) refers to usart.o(.bss) for USART_RX_BUF
    usart.o(.bss) refers (Special) to use_no_semi_2.o(.text) for __use_no_semihosting
    usart.o(.data) refers (Special) to use_no_semi_2.o(.text) for __use_no_semihosting
    usart2.o(.text) refers to stm32f10x_tim.o(.text) for TIM_SetCounter
    usart2.o(.text) refers to stm32f10x_usart.o(.text) for USART_GetITStatus
    usart2.o(.text) refers to stm32f10x_rcc.o(.text) for RCC_APB1PeriphClockCmd
    usart2.o(.text) refers to misc.o(.text) for NVIC_Init
    usart2.o(.text) refers to stm32f10x_dma.o(.text) for DMA_DeInit
    usart2.o(.text) refers to stm32f10x_gpio.o(.text) for GPIO_Init
    usart2.o(.text) refers to c89vsprintf.o(.text) for __c89vsprintf
    usart2.o(.text) refers to delay.o(.text) for delay_ms
    usart2.o(.text) refers to usart2.o(.data) for USART2_RX_STA
[...]
    _init_user_alloc                          - Undefined Weak Reference
    _initio                                   - Undefined Weak Reference
    _mutex_acquire                            - Undefined Weak Reference
    _mutex_release                            - Undefined Weak Reference
    _printf_fp_hex                            - Undefined Weak Reference
    _printf_mbtowc                            - Undefined Weak Reference
    _printf_wc                                - Undefined Weak Reference
    _rand_init                                - Undefined Weak Reference
    _signal_finish                            - Undefined Weak Reference
    _signal_init                              - Undefined Weak Reference
    _terminate_alloc                          - Undefined Weak Reference
    _terminate_user_alloc                     - Undefined Weak Reference
    _terminateio                              - Undefined Weak Reference
    __Vectors_Size                           0x00000130   Number         0  startup_stm32f10x_hd.o ABSOLUTE
    __Vectors                                0x08000000   Data           4  startup_stm32f10x_hd.o(RESET)
    __Vectors_End                            0x08000130   Data           0  startup_stm32f10x_hd.o(RESET)
    __main                                   0x08000131   Thumb Code     8  __main.o(!!!main)
    __scatterload                            0x08000139   Thumb Code     0  __scatter.o(!!!scatter)
    __scatterload_rt2                        0x08000139   Thumb Code    44  __scatter.o(!!!scatter)
    __scatterload_rt2_thumb_only             0x08000139   Thumb Code     0  __scatter.o(!!!scatter)
    __scatterload_null                       0x08000147   Thumb Code     0  __scatter.o(!!!scatter)
    __scatterload_copy                       0x0800016d   Thumb Code    26  __scatter_copy.o(!!handler_copy)
    __scatterload_zeroinit                   0x08000189   Thumb Code    28  __scatter_zi.o(!!handler_zi)
    _printf_n                                0x080001a5   Thumb Code     0  _printf_n.o(.ARM.Collect$$_printf_percent$$00000001)
    _printf_percent                          0x080001a5   Thumb Code     0  _printf_percent.o(.ARM.Collect$$_printf_percent$$00000000)
    _printf_p                                0x080001ab   Thumb Code     0  _printf_p.o(.ARM.Collect$$_printf_percent$$00000002)
    _printf_f                                0x080001b1   Thumb Code     0  _printf_f.o(.ARM.Collect$$_printf_percent$$00000003)
    _printf_e                                0x080001b7   Thumb Code     0  _printf_e.o(.ARM.Collect$$_printf_percent$$00000004)
    _printf_g                                0x080001bd   Thumb Code     0  _printf_g.o(.ARM.Collect$$_printf_percent$$00000005)
    _printf_a                                0x080001c3   Thumb Code     0  _printf_a.o(.ARM.Collect$$_printf_percent$$00000006)
    _printf_ll                               0x080001c9   Thumb Code     0  _printf_ll.o(.ARM.Collect$$_printf_percent$$00000007)
    _printf_i                                0x080001d3   Thumb Code     0  _printf_i.o(.ARM.Collect$$_printf_percent$$00000008)
    _printf_d                                0x080001d9   Thumb Code     0  _printf_d.o(.ARM.Collect$$_printf_percent$$00000009)
    _printf_u                                0x080001df   Thumb Code     0  _printf_u.o(.ARM.Collect$$_printf_percent$$0000000A)
    _printf_o                                0x080001e5   Thumb Code     0  _printf_o.o(.ARM.Collect$$_printf_percent$$0000000B)
    _printf_x                                0x080001eb   Thumb Code     0  _printf_x.o(.ARM.Collect$$_printf_percent$$0000000C)
    _printf_lli                              0x080001f1   Thumb Code     0  _printf_lli.o(.ARM.Collect$$_printf_percent$$0000000D)
    _printf_lld                              0x080001f7   Thumb Code     0  _printf_lld.o(.ARM.Collect$$_printf_percent$$0000000E)
    _printf_llu                              0x080001fd   Thumb Code     0  _printf_llu.o(.ARM.Collect$$_printf_percent$$0000000F)
    _printf_llo                              0x08000203   Thumb Code     0  _printf_llo.o(.ARM.Collect$$_printf_percent$$00000010)
    _printf_llx                              0x08000209   Thumb Code     0  _printf_llx.o(.ARM.Collect$$_printf_percent$$00000011)
    _printf_l                                0x0800020f   Thumb Code     0  _printf_l.o(.ARM.Collect$$_printf_percent$$00000012)
    _printf_c                                0x08000219   Thumb Code     0  _printf_c.o(.ARM.Collect$$_printf_percent$$00000013)
    _printf_s                                0x0800021f   Thumb Code     0  _printf_s.o(.ARM.Collect$$_printf_percent$$00000014)
    _printf_lc                               0x08000225   Thumb Code     0  _printf_lc.o(.ARM.Collect$$_printf_percent$$00000015)
    _printf_ls                               0x0800022b   Thumb Code     0  _printf_ls.o(.ARM.Collect$$_printf_percent$$00000016)
    _printf_percent_end                      0x08000231   Thumb Code     0  _printf_percent_end.o(.ARM.Collect$$_printf_percent$$00000017)
    __rt_lib_init                            0x08000235   Thumb Code     0  libinit.o(.ARM.Collect$$libinit$$00000000)
    __rt_lib_init_fp_1                       0x08000237   Thumb Code     0  libinit2.o(.ARM.Collect$$libinit$$00000002)
    __rt_lib_init_heap_1                     0x08000237   Thumb Code     0  libinit2.o(.ARM.Collect$$libinit$$0000000A)
    __rt_lib_init_lc_common                  0x08000237   Thumb Code     0  libinit2.o(.ARM.Collect$$libinit$$0000000F)
    __rt_lib_init_preinit_1                  0x08000237   Thumb Code     0  libinit2.o(.ARM.Collect$$libinit$$00000004)
    __rt_lib_init_rand_1                     0x08000237   Thumb Code     0  libinit2.o(.ARM.Collect$$libinit$$0000000E)
    __rt_lib_init_user_alloc_1               0x08000237   Thumb Code     0  libinit2.o(.ARM.Collect$$libinit$$0000000C)
    __rt_lib_init_lc_collate_1               0x0800023d   Thumb Code     0  libinit2.o(.ARM.Collect$$libinit$$00000011)
    __rt_lib_init_lc_ctype_2                 0x0800023d   Thumb Code     0  libinit2.o(.ARM.Collect$$libinit$$00000012)
    __rt_lib_init_lc_ctype_1                 0x08000249   Thumb Code     0  libinit2.o(.ARM.Collect$$libinit$$00000013)
    __rt_lib_init_lc_monetary_1              0x08000249   Thumb Code     0  libinit2.o(.ARM.Collect$$libinit$$00000015)
    __rt_lib_init_lc_numeric_2               0x08000249   Thumb Code     0  libinit2.o(.ARM.Collect$$libinit$$00000016)
    __rt_lib_init_alloca_1                   0x08000253   Thumb Code     0  libinit2.o(.ARM.Collect$$libinit$$0000002E)
    __rt_lib_init_argv_1                     0x08000253   Thumb Code     0  libinit2.o(.ARM.Collect$$libinit$$0000002C)
    __rt_lib_init_atexit_1                   0x08000253   Thumb Code     0  libinit2.o(.ARM.Collect$$libinit$$0000001B)
    __rt_lib_init_clock_1                    0x08000253   Thumb Code     0  libinit2.o(.ARM.Collect$$libinit$$00000021)
    __rt_lib_init_cpp_1                      0x08000253   Thumb Code     0  libinit2.o(.ARM.Collect$$libinit$$00000032)
    __rt_lib_init_exceptions_1               0x08000253   Thumb Code     0  libinit2.o(.ARM.Collect$$libinit$$00000030)
    __rt_lib_init_fp_trap_1                  0x08000253   Thumb Code     0  libinit2.o(.ARM.Collect$$libinit$$0000001F)
    __rt_lib_init_getenv_1                   0x08000253   Thumb Code     0  libinit2.o(.ARM.Collect$$libinit$$00000023)
    __rt_lib_init_lc_numeric_1               0x08000253   Thumb Code     0  libinit2.o(.ARM.Collect$$libinit$$00000017)
    __rt_lib_init_lc_time_1                  0x08000253   Thumb Code     0  libinit2.o(.ARM.Collect$$libinit$$00000019)
    __rt_lib_init_return                     0x08000253   Thumb Code     0  libinit2.o(.ARM.Collect$$libinit$$00000033)
    __rt_lib_init_signal_1                   0x08000253   Thumb Code     0  libinit2.o(.ARM.Collect$$libinit$$0000001D)
    __rt_lib_init_stdio_1                    0x08000253   Thumb Code     0  libinit2.o(.ARM.Collect$$libinit$$00000025)
    __rt_lib_shutdown                        0x08000255   Thumb Code     0  libshutdown.o(.ARM.Collect$$libshutdown$$00000000)
    __rt_lib_shutdown_cpp_1                  0x08000257   Thumb Code     0  libshutdown2.o(.ARM.Collect$$libshutdown$$00000002)
    __rt_lib_shutdown_fp_trap_1              0x08000257   Thumb Code     0  libshutdown2.o(.ARM.Collect$$libshutdown$$00000007)
    __rt_lib_shutdown_heap_1                 0x08000257   Thumb Code     0  libshutdown2.o(.ARM.Collect$$libshutdown$$0000000F)
    __rt_lib_shutdown_return                 0x08000257   Thumb Code     0  libshutdown2.o(.ARM.Collect$$libshutdown$$00000010)
    __rt_lib_shutdown_signal_1               0x08000257   Thumb Code     0  libshutdown2.o(.ARM.Collect$$libshutdown$$0000000A)
    __rt_lib_shutdown_stdio_1                0x08000257   Thumb Code     0  libshutdown2.o(.ARM.Collect$$libshutdown$$00000004)
    __rt_lib_shutdown_user_alloc_1           0x08000257   Thumb Code     0  libshutdown2.o(.ARM.Collect$$libshutdown$$0000000C)
    __rt_entry                               0x08000259   Thumb Code     0  __rtentry.o(.ARM.Collect$$rtentry$$00000000)
    __rt_entry_presh_1                       0x08000259   Thumb Code     0  __rtentry2.o(.ARM.Collect$$rtentry$$00000002)
    __rt_entry_sh                            0x08000259   Thumb Code     0  __rtentry4.o(.ARM.Collect$$rtentry$$00000004)
    __rt_entry_li                            0x0800025f   Thumb Code     0  __rtentry2.o(.ARM.Collect$$rtentry$$0000000A)
    __rt_entry_postsh_1                      0x0800025f   Thumb Code     0  __rtentry2.o(.ARM.Collect$$rtentry$$00000009)
    __rt_entry_main                          0x08000263   Thumb Code     0  __rtentry2.o(.ARM.Collect$$rtentry$$0000000D)
    __rt_entry_postli_1                      0x08000263   Thumb Code     0  __rtentry2.o(.ARM.Collect$$rtentry$$0000000C)
    __rt_exit                                0x0800026b   Thumb Code     0  rtexit.o(.ARM.Collect$$rtexit$$00000000)
    __rt_exit_ls                             0x0800026d   Thumb Code     0  rtexit2.o(.ARM.Collect$$rtexit$$00000003)
    __rt_exit_prels_1                        0x0800026d   Thumb Code     0  rtexit2.o(.ARM.Collect$$rtexit$$00000002)
    __rt_exit_exit                           0x08000271   Thumb Code     0  rtexit2.o(.ARM.Collect$$rtexit$$00000004)
    Load_Drow_Dialog                         0x08000279   Thumb Code    72  main.o(.text)
    gui_draw_hline                           0x080002c1   Thumb Code    36  main.o(.text)
    gui_fill_circle                          0x080002e5   Thumb Code   176  main.o(.text)
    my_abs                                   0x08000395   Thumb Code    18  main.o(.text)
    lcd_draw_bline                           0x080003a7   Thumb Code   212  main.o(.text)
    echosun_cul2                             0x0800047b   Thumb Code    72  main.o(.text)
    echosun_cul                              0x080004c3   Thumb Code    76  main.o(.text)
    rtp_test                                 0x0800050f   Thumb Code   212  main.o(.text)
    hard_init                                0x080005e3   Thumb Code    18  main.o(.text)
    main                                     0x080005f5   Thumb Code     8  main.o(.text)
    NMI_Handler                              0x08000621   Thumb Code     2  stm32f10x_it.o(.text)
    HardFault_Handler                        0x08000623   Thumb Code     4  stm32f10x_it.o(.text)
    MemManage_Handler                        0x08000627   Thumb Code     4  stm32f10x_it.o(.text)
    BusFault_Handler                         0x0800062b   Thumb Code     4  stm32f10x_it.o(.text)
    UsageFault_Handler                       0x0800062f   Thumb Code     4  stm32f10x_it.o(.text)
    SVC_Handler                              0x08000633   Thumb Code     2  stm32f10x_it.o(.text)
    DebugMon_Handler                         0x08000635   Thumb Code     2  stm32f10x_it.o(.text)
    PendSV_Handler                           0x08000637   Thumb Code     2  stm32f10x_it.o(.text)
    SysTick_Handler                          0x08000639   Thumb Code     2  stm32f10x_it.o(.text)
    SystemInit                               0x0800071b   Thumb Code    78  system_stm32f10x.o(.text)
    SystemCoreClockUpdate                    0x08000769   Thumb Code   142  system_stm32f10x.o(.text)
    Reset_Handler                            0x0800081d   Thumb Code     8  startup_stm32f10x_hd.o(.text)
    ADC1_2_IRQHandler                        0x08000837   Thumb Code     0  startup_stm32f10x_hd.o(.text)
    ADC3_IRQHandler                          0x08000837   Thumb Code     0  startup_stm32f10x_hd.o(.text)
    CAN1_RX1_IRQHandler                      0x08000837   Thumb Code     0  startup_stm32f10x_hd.o(.text)
    CAN1_SCE_IRQHandler                      0x08000837   Thumb Code     0  startup_stm32f10x_hd.o(.text)
    DMA1_Channel1_IRQHandler                 0x08000837   Thumb Code     0  startup_stm32f10x_hd.o(.text)
    DMA1_Channel2_IRQHandler                 0x08000837   Thumb Code     0  startup_stm32f10x_hd.o(.text)
    DMA1_Channel3_IRQHandler                 0x08000837   Thumb Code     0  startup_stm32f10x_hd.o(.text)
    DMA1_Channel4_IRQHandler                 0x08000837   Thumb Code     0  startup_stm32f10x_hd.o(.text)
    DMA1_Channel5_IRQHandler                 0x08000837   Thumb Code     0  startup_stm32f10x_hd.o(.text)
    DMA1_Channel6_IRQHandler                 0x08000837   Thumb Code     0  startup_stm32f10x_hd.o(.text)
    DMA1_Channel7_IRQHandler                 0x08000837   Thumb Code     0  startup_stm32f10x_hd.o(.text)
    DMA2_Channel1_IRQHandler                 0x08000837   Thumb Code     0  startup_stm32f10x_hd.o(.text)
    DMA2_Channel2_IRQHandler                 0x08000837   Thumb Code     0  startup_stm32f10x_hd.o(.text)
    DMA2_Channel3_IRQHandler                 0x08000837   Thumb Code     0  startup_stm32f10x_hd.o(.text)
    DMA2_Channel4_5_IRQHandler               0x08000837   Thumb Code     0  startup_stm32f10x_hd.o(.text)
    EXTI0_IRQHandler                         0x08000837   Thumb Code     0  startup_stm32f10x_hd.o(.text)
    EXTI15_10_IRQHandler                     0x08000837   Thumb Code     0  startup_stm32f10x_hd.o(.text)
    EXTI1_IRQHandler                         0x08000837   Thumb Code     0  startup_stm32f10x_hd.o(.text)
    EXTI2_IRQHandler                         0x08000837   Thumb Code     0  startup_stm32f10x_hd.o(.text)
    EXTI3_IRQHandler                         0x08000837   Thumb Code     0  startup_stm32f10x_hd.o(.text)
    EXTI4_IRQHandler                         0x08000837   Thumb Code     0  startup_stm32f10x_hd.o(.text)
    EXTI9_5_IRQHandler                       0x08000837   Thumb Code     0  startup_stm32f10x_hd.o(.text)
    FLASH_IRQHandler                         0x08000837   Thumb Code     0  startup_stm32f10x_hd.o(.text)
    FSMC_IRQHandler                          0x08000837   Thumb Code     0  startup_stm32f10x_hd.o(.text)
    I2C1_ER_IRQHandler                       0x08000837   Thumb Code     0  startup_stm32f10x_hd.o(.text)
    I2C1_EV_IRQHandler                       0x08000837   Thumb Code     0  startup_stm32f10x_hd.o(.text)
    I2C2_ER_IRQHandler                       0x08000837   Thumb Code     0  startup_stm32f10x_hd.o(.text)
    I2C2_EV_IRQHandler                       0x08000837   Thumb Code     0  startup_stm32f10x_hd.o(.text)
    PVD_IRQHandler                           0x08000837   Thumb Code     0  startup_stm32f10x_hd.o(.text)
    RCC_IRQHandler                           0x08000837   Thumb Code     0  startup_stm32f10x_hd.o(.text)
    RTCAlarm_IRQHandler                      0x08000837   Thumb Code     0  startup_stm32f10x_hd.o(.text)
    RTC_IRQHandler                           0x08000837   Thumb Code     0  startup_stm32f10x_hd.o(.text)
    SDIO_IRQHandler                          0x08000837   Thumb Code     0  startup_stm32f10x_hd.o(.text)
    SPI1_IRQHandler                          0x08000837   Thumb Code     0  startup_stm32f10x_hd.o(.text)
    SPI2_IRQHandler                          0x08000837   Thumb Code     0  startup_stm32f10x_hd.o(.text)
    SPI3_IRQHandler                          0x08000837   Thumb Code     0  startup_stm32f10x_hd.o(.text)
    TAMPER_IRQHandler                        0x08000837   Thumb Code     0  startup_stm32f10x_hd.o(.text)
    TIM1_BRK_IRQHandler                      0x08000837   Thumb Code     0  startup_stm32f10x_hd.o(.text)
    TIM1_CC_IRQHandler                       0x08000837   Thumb Code     0  startup_stm32f10x_hd.o(.text)
    TIM1_TRG_COM_IRQHandler                  0x08000837   Thumb Code     0  startup_stm32f10x_hd.o(.text)
    TIM1_UP_IRQHandler                       0x08000837   Thumb Code     0  startup_stm32f10x_hd.o(.text)
    TIM2_IRQHandler                          0x08000837   Thumb Code     0  startup_stm32f10x_hd.o(.text)
    TIM3_IRQHandler                          0x08000837   Thumb Code     0  startup_stm32f10x_hd.o(.text)
    TIM5_IRQHandler                          0x08000837   Thumb Code     0  startup_stm32f10x_hd.o(.text)
    TIM6_IRQHandler                          0x08000837   Thumb Code     0  startup_stm32f10x_hd.o(.text)
    TIM7_IRQHandler                          0x08000837   Thumb Code     0  startup_stm32f10x_hd.o(.text)
    TIM8_BRK_IRQHandler                      0x08000837   Thumb Code     0  startup_stm32f10x_hd.o(.text)
    TIM8_CC_IRQHandler                       0x08000837   Thumb Code     0  startup_stm32f10x_hd.o(.text)
    TIM8_TRG_COM_IRQHandler                  0x08000837   Thumb Code     0  startup_stm32f10x_hd.o(.text)
    TIM8_UP_IRQHandler                       0x08000837   Thumb Code     0  startup_stm32f10x_hd.o(.text)
    UART4_IRQHandler                         0x08000837   Thumb Code     0  startup_stm32f10x_hd.o(.text)
    UART5_IRQHandler                         0x08000837   Thumb Code     0  startup_stm32f10x_hd.o(.text)
    USBWakeUp_IRQHandler                     0x08000837   Thumb Code     0  startup_stm32f10x_hd.o(.text)
    USB_HP_CAN1_TX_IRQHandler                0x08000837   Thumb Code     0  startup_stm32f10x_hd.o(.text)
    USB_LP_CAN1_RX0_IRQHandler               0x08000837   Thumb Code     0  startup_stm32f10x_hd.o(.text)
    WWDG_IRQHandler                          0x08000837   Thumb Code     0  startup_stm32f10x_hd.o(.text)
    __user_initial_stackheap                 0x08000839   Thumb Code     0  startup_stm32f10x_hd.o(.text)
    NVIC_PriorityGroupConfig                 0x0800085d   Thumb Code    10  misc.o(.text)
    NVIC_Init                                0x08000867   Thumb Code   100  misc.o(.text)
    NVIC_SetVectorTable                      0x080008cb   Thumb Code    14  misc.o(.text)
    NVIC_SystemLPConfig                      0x080008d9   Thumb Code    34  misc.o(.text)
    SysTick_CLKSourceConfig                  0x080008fb   Thumb Code    40  misc.o(.text)
    DMA_DeInit                               0x08000939   Thumb Code   324  stm32f10x_dma.o(.text)
    DMA_Init                                 0x08000a7d   Thumb Code    60  stm32f10x_dma.o(.text)
    DMA_StructInit                           0x08000ab9   Thumb Code    26  stm32f10x_dma.o(.text)
    DMA_Cmd                                  0x08000ad3   Thumb Code    24  stm32f10x_dma.o(.text)
    DMA_ITConfig                             0x08000aeb   Thumb Code    18  stm32f10x_dma.o(.text)
    DMA_SetCurrDataCounter                   0x08000afd   Thumb Code     4  stm32f10x_dma.o(.text)
    DMA_GetCurrDataCounter                   0x08000b01   Thumb Code     8  stm32f10x_dma.o(.text)
    DMA_GetFlagStatus                        0x08000b09   Thumb Code    40  stm32f10x_dma.o(.text)
    DMA_ClearFlag                            0x08000b31   Thumb Code    22  stm32f10x_dma.o(.text)
    DMA_GetITStatus                          0x08000b47   Thumb Code    40  stm32f10x_dma.o(.text)
    DMA_ClearITPendingBit                    0x08000b6f   Thumb Code    22  stm32f10x_dma.o(.text)
    GPIO_DeInit                              0x08000b8d   Thumb Code   172  stm32f10x_gpio.o(.text)
    GPIO_AFIODeInit                          0x08000c39   Thumb Code    20  stm32f10x_gpio.o(.text)
    GPIO_Init                                0x08000c4d   Thumb Code   278  stm32f10x_gpio.o(.text)
    GPIO_StructInit                          0x08000d63   Thumb Code    16  stm32f10x_gpio.o(.text)
    GPIO_ReadInputDataBit                    0x08000d73   Thumb Code    18  stm32f10x_gpio.o(.text)
    GPIO_ReadInputData                       0x08000d85   Thumb Code     8  stm32f10x_gpio.o(.text)
    GPIO_ReadOutputDataBit                   0x08000d8d   Thumb Code    18  stm32f10x_gpio.o(.text)
    GPIO_ReadOutputData                      0x08000d9f   Thumb Code     8  stm32f10x_gpio.o(.text)
    GPIO_SetBits                             0x08000da7   Thumb Code     4  stm32f10x_gpio.o(.text)
    GPIO_ResetBits                           0x08000dab   Thumb Code     4  stm32f10x_gpio.o(.text)
    GPIO_WriteBit                            0x08000daf   Thumb Code    10  stm32f10x_gpio.o(.text)
    GPIO_Write                               0x08000db9   Thumb Code     4  stm32f10x_gpio.o(.text)
    GPIO_PinLockConfig                       0x08000dbd   Thumb Code    18  stm32f10x_gpio.o(.text)
    GPIO_EventOutputConfig                   0x08000dcf   Thumb Code    26  stm32f10x_gpio.o(.text)
    GPIO_EventOutputCmd                      0x08000de9   Thumb Code     6  stm32f10x_gpio.o(.text)
    GPIO_PinRemapConfig                      0x08000def   Thumb Code   138  stm32f10x_gpio.o(.text)
    GPIO_EXTILineConfig                      0x08000e79   Thumb Code    66  stm32f10x_gpio.o(.text)
    GPIO_ETH_MediaInterfaceConfig            0x08000ebb   Thumb Code     8  stm32f10x_gpio.o(.text)
    RCC_DeInit                               0x08000ee9   Thumb Code    64  stm32f10x_rcc.o(.text)
    RCC_HSEConfig                            0x08000f29   Thumb Code    70  stm32f10x_rcc.o(.text)
    RCC_GetFlagStatus                        0x08000f6f   Thumb Code    56  stm32f10x_rcc.o(.text)
    RCC_WaitForHSEStartUp                    0x08000fa7   Thumb Code    56  stm32f10x_rcc.o(.text)
    RCC_AdjustHSICalibrationValue            0x08000fdf   Thumb Code    20  stm32f10x_rcc.o(.text)
    RCC_HSICmd                               0x08000ff3   Thumb Code     6  stm32f10x_rcc.o(.text)
    RCC_PLLConfig                            0x08000ff9   Thumb Code    24  stm32f10x_rcc.o(.text)
    RCC_PLLCmd                               0x08001011   Thumb Code     6  stm32f10x_rcc.o(.text)
    RCC_SYSCLKConfig                         0x08001017   Thumb Code    18  stm32f10x_rcc.o(.text)
    RCC_GetSYSCLKSource                      0x08001029   Thumb Code    10  stm32f10x_rcc.o(.text)
    RCC_HCLKConfig                           0x08001033   Thumb Code    18  stm32f10x_rcc.o(.text)
    RCC_PCLK1Config                          0x08001045   Thumb Code    18  stm32f10x_rcc.o(.text)
    RCC_PCLK2Config                          0x08001057   Thumb Code    20  stm32f10x_rcc.o(.text)
    RCC_ITConfig                             0x0800106b   Thumb Code    26  stm32f10x_rcc.o(.text)
    RCC_USBCLKConfig                         0x08001085   Thumb Code     8  stm32f10x_rcc.o(.text)
    RCC_ADCCLKConfig                         0x0800108d   Thumb Code    18  stm32f10x_rcc.o(.text)
    RCC_LSEConfig                            0x0800109f   Thumb Code    50  stm32f10x_rcc.o(.text)
    RCC_LSICmd                               0x080010d1   Thumb Code     6  stm32f10x_rcc.o(.text)
    RCC_RTCCLKConfig                         0x080010d7   Thumb Code    12  stm32f10x_rcc.o(.text)
    RCC_RTCCLKCmd                            0x080010e3   Thumb Code     8  stm32f10x_rcc.o(.text)
    RCC_GetClocksFreq                        0x080010eb   Thumb Code   192  stm32f10x_rcc.o(.text)
    RCC_AHBPeriphClockCmd                    0x080011ab   Thumb Code    26  stm32f10x_rcc.o(.text)
    RCC_APB2PeriphClockCmd                   0x080011c5   Thumb Code    26  stm32f10x_rcc.o(.text)
    RCC_APB1PeriphClockCmd                   0x080011df   Thumb Code    26  stm32f10x_rcc.o(.text)
    RCC_APB2PeriphResetCmd                   0x080011f9   Thumb Code    26  stm32f10x_rcc.o(.text)
    RCC_APB1PeriphResetCmd                   0x08001213   Thumb Code    26  stm32f10x_rcc.o(.text)
    RCC_BackupResetCmd                       0x0800122d   Thumb Code     8  stm32f10x_rcc.o(.text)
    RCC_ClockSecuritySystemCmd               0x08001235   Thumb Code     6  stm32f10x_rcc.o(.text)
    RCC_MCOConfig                            0x0800123b   Thumb Code     6  stm32f10x_rcc.o(.text)
    RCC_ClearFlag                            0x08001241   Thumb Code    14  stm32f10x_rcc.o(.text)
    RCC_GetITStatus                          0x0800124f   Thumb Code    20  stm32f10x_rcc.o(.text)
    RCC_ClearITPendingBit                    0x08001263   Thumb Code     6  stm32f10x_rcc.o(.text)
    TIM_DeInit                               0x0800128d   Thumb Code   424  stm32f10x_tim.o(.text)
    TIM_TimeBaseInit                         0x08001435   Thumb Code   122  stm32f10x_tim.o(.text)
    TIM_OC1Init                              0x080014af   Thumb Code   132  stm32f10x_tim.o(.text)
    TIM_OC2Init                              0x08001533   Thumb Code   154  stm32f10x_tim.o(.text)
    TIM_OC3Init                              0x080015cd   Thumb Code   150  stm32f10x_tim.o(.text)
    TIM_OC4Init                              0x08001663   Thumb Code   182  stm32f10x_tim.o(.text)
    TIM_SetIC4Prescaler                      0x08001719   Thumb Code    26  stm32f10x_tim.o(.text)
    TIM_SetIC3Prescaler                      0x080017b5   Thumb Code    18  stm32f10x_tim.o(.text)
    TIM_SetIC2Prescaler                      0x08001841   Thumb Code    26  stm32f10x_tim.o(.text)
    TIM_SetIC1Prescaler                      0x080018dd   Thumb Code    18  stm32f10x_tim.o(.text)
    TIM_ICInit                               0x0800195b   Thumb Code   150  stm32f10x_tim.o(.text)
    TIM_PWMIConfig                           0x080019f1   Thumb Code   124  stm32f10x_tim.o(.text)
    TIM_BDTRConfig                           0x08001a6d   Thumb Code    32  stm32f10x_tim.o(.text)
    TIM_TimeBaseStructInit                   0x08001a8d   Thumb Code    18  stm32f10x_tim.o(.text)
    TIM_OCStructInit                         0x08001a9f   Thumb Code    20  stm32f10x_tim.o(.text)
    TIM_ICStructInit                         0x08001ab3   Thumb Code    18  stm32f10x_tim.o(.text)
    TIM_BDTRStructInit                       0x08001ac5   Thumb Code    40  stm32f10x_tim.o(.text)
    TIM_Cmd                                  0x08001aed   Thumb Code    24  stm32f10x_tim.o(.text)
    TIM_CtrlPWMOutputs                       0x08001b05   Thumb Code    30  stm32f10x_tim.o(.text)
    TIM_ITConfig                             0x08001b23   Thumb Code    18  stm32f10x_tim.o(.text)
    TIM_GenerateEvent                        0x08001b35   Thumb Code     4  stm32f10x_tim.o(.text)
    TIM_DMAConfig                            0x08001b39   Thumb Code    10  stm32f10x_tim.o(.text)
    TIM_DMACmd                               0x08001b43   Thumb Code    18  stm32f10x_tim.o(.text)
    TIM_InternalClockConfig                  0x08001b55   Thumb Code    12  stm32f10x_tim.o(.text)
    TIM_SelectInputTrigger                   0x08001b61   Thumb Code    18  stm32f10x_tim.o(.text)
    TIM_ITRxExternalClockConfig              0x08001b73   Thumb Code    24  stm32f10x_tim.o(.text)
    TIM_TIxExternalClockConfig               0x08001b8b   Thumb Code    62  stm32f10x_tim.o(.text)
    TIM_ETRConfig                            0x08001bc9   Thumb Code    28  stm32f10x_tim.o(.text)
    TIM_ETRClockMode1Config                  0x08001be5   Thumb Code    54  stm32f10x_tim.o(.text)
    TIM_ETRClockMode2Config                  0x08001c1b   Thumb Code    32  stm32f10x_tim.o(.text)
    TIM_PrescalerConfig                      0x08001c3b   Thumb Code     6  stm32f10x_tim.o(.text)
    TIM_CounterModeConfig                    0x08001c41   Thumb Code    18  stm32f10x_tim.o(.text)
    TIM_EncoderInterfaceConfig               0x08001c53   Thumb Code    66  stm32f10x_tim.o(.text)
    TIM_ForcedOC1Config                      0x08001c95   Thumb Code    18  stm32f10x_tim.o(.text)
    TIM_ForcedOC2Config                      0x08001ca7   Thumb Code    26  stm32f10x_tim.o(.text)
    TIM_ForcedOC3Config                      0x08001cc1   Thumb Code    18  stm32f10x_tim.o(.text)
    TIM_ForcedOC4Config                      0x08001cd3   Thumb Code    26  stm32f10x_tim.o(.text)
    TIM_ARRPreloadConfig                     0x08001ced   Thumb Code    24  stm32f10x_tim.o(.text)
    TIM_SelectCOM                            0x08001d05   Thumb Code    24  stm32f10x_tim.o(.text)
    TIM_SelectCCDMA                          0x08001d1d   Thumb Code    24  stm32f10x_tim.o(.text)
    TIM_CCPreloadControl                     0x08001d35   Thumb Code    24  stm32f10x_tim.o(.text)
    TIM_OC1PreloadConfig                     0x08001d4d   Thumb Code    18  stm32f10x_tim.o(.text)
    TIM_OC2PreloadConfig                     0x08001d5f   Thumb Code    26  stm32f10x_tim.o(.text)
    TIM_OC3PreloadConfig                     0x08001d79   Thumb Code    18  stm32f10x_tim.o(.text)
    TIM_OC4PreloadConfig                     0x08001d8b   Thumb Code    26  stm32f10x_tim.o(.text)
    TIM_OC1FastConfig                        0x08001da5   Thumb Code    18  stm32f10x_tim.o(.text)
    TIM_OC2FastConfig                        0x08001db7   Thumb Code    26  stm32f10x_tim.o(.text)
    TIM_OC3FastConfig                        0x08001dd1   Thumb Code    18  stm32f10x_tim.o(.text)
    TIM_OC4FastConfig                        0x08001de3   Thumb Code    26  stm32f10x_tim.o(.text)
    TIM_ClearOC1Ref                          0x08001dfd   Thumb Code    18  stm32f10x_tim.o(.text)
    TIM_ClearOC2Ref                          0x08001e0f   Thumb Code    24  stm32f10x_tim.o(.text)
    TIM_ClearOC3Ref                          0x08001e27   Thumb Code    18  stm32f10x_tim.o(.text)
    TIM_ClearOC4Ref                          0x08001e39   Thumb Code    24  stm32f10x_tim.o(.text)
    TIM_OC1PolarityConfig                    0x08001e51   Thumb Code    18  stm32f10x_tim.o(.text)
    TIM_OC1NPolarityConfig                   0x08001e63   Thumb Code    18  stm32f10x_tim.o(.text)
    TIM_OC2PolarityConfig                    0x08001e75   Thumb Code    26  stm32f10x_tim.o(.text)
    TIM_OC2NPolarityConfig                   0x08001e8f   Thumb Code    26  stm32f10x_tim.o(.text)
    TIM_OC3PolarityConfig                    0x08001ea9   Thumb Code    26  stm32f10x_tim.o(.text)
    TIM_OC3NPolarityConfig                   0x08001ec3   Thumb Code    26  stm32f10x_tim.o(.text)
    TIM_OC4PolarityConfig                    0x08001edd   Thumb Code    26  stm32f10x_tim.o(.text)
    TIM_CCxCmd                               0x08001ef7   Thumb Code    30  stm32f10x_tim.o(.text)
    TIM_CCxNCmd                              0x08001f15   Thumb Code    30  stm32f10x_tim.o(.text)
    TIM_SelectOCxM                           0x08001f33   Thumb Code    82  stm32f10x_tim.o(.text)
    TIM_UpdateDisableConfig                  0x08001f85   Thumb Code    24  stm32f10x_tim.o(.text)
    TIM_UpdateRequestConfig                  0x08001f9d   Thumb Code    24  stm32f10x_tim.o(.text)
    TIM_SelectHallSensor                     0x08001fb5   Thumb Code    24  stm32f10x_tim.o(.text)
    TIM_SelectOnePulseMode                   0x08001fcd   Thumb Code    18  stm32f10x_tim.o(.text)
    TIM_SelectOutputTrigger                  0x08001fdf   Thumb Code    18  stm32f10x_tim.o(.text)
    TIM_SelectSlaveMode                      0x08001ff1   Thumb Code    18  stm32f10x_tim.o(.text)
    TIM_SelectMasterSlaveMode                0x08002003   Thumb Code    18  stm32f10x_tim.o(.text)
    TIM_SetCounter                           0x08002015   Thumb Code     4  stm32f10x_tim.o(.text)
    TIM_SetAutoreload                        0x08002019   Thumb Code     4  stm32f10x_tim.o(.text)
    TIM_SetCompare1                          0x0800201d   Thumb Code     4  stm32f10x_tim.o(.text)
    TIM_SetCompare2                          0x08002021   Thumb Code     4  stm32f10x_tim.o(.text)
    TIM_SetCompare3                          0x08002025   Thumb Code     4  stm32f10x_tim.o(.text)
    TIM_SetCompare4                          0x08002029   Thumb Code     6  stm32f10x_tim.o(.text)
    TIM_SetClockDivision                     0x0800202f   Thumb Code    18  stm32f10x_tim.o(.text)
    TIM_GetCapture1                          0x08002041   Thumb Code     6  stm32f10x_tim.o(.text)
    TIM_GetCapture2                          0x08002047   Thumb Code     6  stm32f10x_tim.o(.text)
    TIM_GetCapture3                          0x0800204d   Thumb Code     6  stm32f10x_tim.o(.text)
    TIM_GetCapture4                          0x08002053   Thumb Code     8  stm32f10x_tim.o(.text)
    TIM_GetCounter                           0x0800205b   Thumb Code     6  stm32f10x_tim.o(.text)
    TIM_GetPrescaler                         0x08002061   Thumb Code     6  stm32f10x_tim.o(.text)
    TIM_GetFlagStatus                        0x08002067   Thumb Code    18  stm32f10x_tim.o(.text)
    TIM_ClearFlag                            0x08002079   Thumb Code     6  stm32f10x_tim.o(.text)
    TIM_GetITStatus                          0x0800207f   Thumb Code    34  stm32f10x_tim.o(.text)
    TIM_ClearITPendingBit                    0x080020a1   Thumb Code     6  stm32f10x_tim.o(.text)
    USART_DeInit                             0x080020a9   Thumb Code   134  stm32f10x_usart.o(.text)
    USART_Init                               0x0800212f   Thumb Code   210  stm32f10x_usart.o(.text)
    USART_StructInit                         0x08002201   Thumb Code    24  stm32f10x_usart.o(.text)
    USART_ClockInit                          0x08002219   Thumb Code    34  stm32f10x_usart.o(.text)
    USART_ClockStructInit                    0x0800223b   Thumb Code    12  stm32f10x_usart.o(.text)
    USART_Cmd                                0x08002247   Thumb Code    24  stm32f10x_usart.o(.text)
    USART_ITConfig                           0x0800225f   Thumb Code    74  stm32f10x_usart.o(.text)
    USART_DMACmd                             0x080022a9   Thumb Code    18  stm32f10x_usart.o(.text)
    USART_SetAddress                         0x080022bb   Thumb Code    18  stm32f10x_usart.o(.text)
    USART_WakeUpConfig                       0x080022cd   Thumb Code    18  stm32f10x_usart.o(.text)
    USART_ReceiverWakeUpCmd                  0x080022df   Thumb Code    24  stm32f10x_usart.o(.text)
    USART_LINBreakDetectLengthConfig         0x080022f7   Thumb Code    18  stm32f10x_usart.o(.text)
    USART_LINCmd                             0x08002309   Thumb Code    24  stm32f10x_usart.o(.text)
    USART_SendData                           0x08002321   Thumb Code     8  stm32f10x_usart.o(.text)
    USART_ReceiveData                        0x08002329   Thumb Code    10  stm32f10x_usart.o(.text)
    USART_SendBreak                          0x08002333   Thumb Code    10  stm32f10x_usart.o(.text)
    USART_SetGuardTime                       0x0800233d   Thumb Code    16  stm32f10x_usart.o(.text)
    USART_SetPrescaler                       0x0800234d   Thumb Code    16  stm32f10x_usart.o(.text)
    USART_SmartCardCmd                       0x0800235d   Thumb Code    24  stm32f10x_usart.o(.text)
    USART_SmartCardNACKCmd                   0x08002375   Thumb Code    24  stm32f10x_usart.o(.text)
    USART_HalfDuplexCmd                      0x0800238d   Thumb Code    24  stm32f10x_usart.o(.text)
    USART_OverSampling8Cmd                   0x080023a5   Thumb Code    22  stm32f10x_usart.o(.text)
    USART_OneBitMethodCmd                    0x080023bb   Thumb Code    24  stm32f10x_usart.o(.text)
    USART_IrDAConfig                         0x080023d3   Thumb Code    18  stm32f10x_usart.o(.text)
    USART_IrDACmd                            0x080023e5   Thumb Code    24  stm32f10x_usart.o(.text)
    USART_GetFlagStatus                      0x080023fd   Thumb Code    26  stm32f10x_usart.o(.text)
    USART_ClearFlag                          0x08002417   Thumb Code    18  stm32f10x_usart.o(.text)
    USART_GetITStatus                        0x08002429   Thumb Code    84  stm32f10x_usart.o(.text)
    USART_ClearITPendingBit                  0x0800247d   Thumb Code    52  stm32f10x_usart.o(.text)
    delay_init                               0x080024b1   Thumb Code    50  delay.o(.text)
    delay_us                                 0x080024e3   Thumb Code    72  delay.o(.text)
    delay_ms                                 0x0800252b   Thumb Code    72  delay.o(.text)
    _sys_exit                                0x08002585   Thumb Code     6  usart.o(.text)
    fputc                                    0x0800258b   Thumb Code    24  usart.o(.text)
    uart_init                                0x080025a3   Thumb Code   152  usart.o(.text)
    USART1_IRQHandler                        0x0800263b   Thumb Code   122  usart.o(.text)
    UART1_DMA_Enable                         0x080026b5   Thumb Code    32  usart.o(.text)
    u1_printf                                0x080026d5   Thumb Code    92  usart.o(.text)
    u1_gets                                  0x08002731   Thumb Code    88  usart.o(.text)
    TIM4_Set                                 0x0800279d   Thumb Code    34  usart2.o(.text)
    USART2_IRQHandler                        0x080027bf   Thumb Code    84  usart2.o(.text)
    TIM4_Init                                0x08002813   Thumb Code    82  usart2.o(.text)
    UART_DMA_Config                          0x08002865   Thumb Code    72  usart2.o(.text)
    uart2_init                               0x080028ad   Thumb Code   206  usart2.o(.text)
    u2_printf                                0x0800297b   Thumb Code   108  usart2.o(.text)
    TIM4_IRQHandler                          0x080029e7   Thumb Code    40  usart2.o(.text)
    UART_DMA_Enable                          0x08002a0f   Thumb Code    32  usart2.o(.text)
    u2_gets                                  0x08002a2f   Thumb Code    98  usart2.o(.text)
    LCD_WR_REG                               0x08002aad   Thumb Code    60  lcd.o(.text)
    LCD_WR_DATAX                             0x08002ae9   Thumb Code    60  lcd.o(.text)
    LCD_RD_DATA                              0x08002b25   Thumb Code   118  lcd.o(.text)
    LCD_WriteReg                             0x08002b9b   Thumb Code    68  lcd.o(.text)
    LCD_ReadReg                              0x08002bdf   Thumb Code    16  lcd.o(.text)
    LCD_WriteRAM_Prepare                     0x08002bef   Thumb Code    12  lcd.o(.text)
    LCD_WriteRAM                             0x08002bfb   Thumb Code    60  lcd.o(.text)
    LCD_BGR2RGB                              0x08002c37   Thumb Code    26  lcd.o(.text)
    LCD_SetCursor                            0x08002c51   Thumb Code   860  lcd.o(.text)
    LCD_ReadPoint                            0x08002fad   Thumb Code   464  lcd.o(.text)
    LCD_DisplayOn                            0x0800317d   Thumb Code    80  lcd.o(.text)
    LCD_DisplayOff                           0x080031cd   Thumb Code    78  lcd.o(.text)
    LCD_Scan_Dir                             0x0800321b   Thumb Code  1504  lcd.o(.text)
    LCD_DrawPoint                            0x080037fb   Thumb Code    76  lcd.o(.text)
    LCD_Fast_DrawPoint                       0x08003847   Thumb Code   980  lcd.o(.text)
    LCD_Display_Dir                          0x08003c1b   Thumb Code   420  lcd.o(.text)
    LCD_Set_Window                           0x08003dbf   Thumb Code  1212  lcd.o(.text)
    LCD_Clear                                0x0800427b   Thumb Code   164  lcd.o(.text)
    LCD_Init                                 0x0800431f   Thumb Code 14876  lcd.o(.text)
    LCD_Fill                                 0x08007d3b   Thumb Code   226  lcd.o(.text)
    LCD_Color_Fill                           0x08007e1d   Thumb Code   140  lcd.o(.text)
    LCD_DrawLine                             0x08007ea9   Thumb Code   176  lcd.o(.text)
    LCD_DrawRectangle                        0x08007f59   Thumb Code    80  lcd.o(.text)
    LCD_Draw_Circle                          0x08007fa9   Thumb Code   176  lcd.o(.text)
    LCD_ShowChar                             0x08008059   Thumb Code   272  lcd.o(.text)
    LCD_Pow                                  0x08008169   Thumb Code    22  lcd.o(.text)
    LCD_ShowNum                              0x0800817f   Thumb Code   148  lcd.o(.text)
    LCD_ShowxNum                             0x08008213   Thumb Code   190  lcd.o(.text)
    LCD_ShowString                           0x080082d1   Thumb Code   102  lcd.o(.text)
    KEY_Init                                 0x08008351   Thumb Code    82  key.o(.text)
    KEY_Scan                                 0x080083a3   Thumb Code   154  key.o(.text)
    uart3_init                               0x0800844d   Thumb Code   158  usart3.o(.text)
    USART3_IRQHandler                        0x080084eb   Thumb Code   122  usart3.o(.text)
    u3_printf                                0x08008565   Thumb Code    72  usart3.o(.text)
    u3_gets                                  0x080085ad   Thumb Code    82  usart3.o(.text)
    usrwifi_connect                          0x08008615   Thumb Code   284  usr-c215.o(.text)
    usrwifi_init                             0x08008731   Thumb Code   532  usr-c215.o(.text)
    usrwifi_pointsend                        0x08008945   Thumb Code    72  usr-c215.o(.text)
    usrwifi_receiveinit                      0x0800898d   Thumb Code   776  usr-c215.o(.text)
    cul_receive2                             0x08008c95   Thumb Code   222  usr-c215.o(.text)
    cul_receive                              0x08008d73   Thumb Code    30  usr-c215.o(.text)
    usrwifi_pointreceive                     0x08008d91   Thumb Code    50  usr-c215.o(.text)
    HumanInfrared_Init                       0x08008ded   Thumb Code    42  functions.o(.text)
    boardlight_init                          0x08008e17   Thumb Code    98  functions.o(.text)
    boardlight_fun                           0x08008e79   Thumb Code    56  functions.o(.text)
    TP_Write_Byte                            0x08008ec1   Thumb Code    56  touch.o(.text)
    TP_Read_AD                               0x08008ef9   Thumb Code   132  touch.o(.text)
    TP_Read_XOY                              0x08008f7d   Thumb Code   120  touch.o(.text)
    TP_Read_XY                               0x08008ff5   Thumb Code    38  touch.o(.text)
    TP_Read_XY2                              0x0800901b   Thumb Code   192  touch.o(.text)
    TP_Drow_Touch_Point                      0x080090db   Thumb Code   108  touch.o(.text)
    TP_Draw_Big_Point                        0x08009147   Thumb Code    54  touch.o(.text)
    TP_Scan                                  0x0800917d   Thumb Code   264  touch.o(.text)
    TP_Save_Adjdata                          0x08009285   Thumb Code   112  touch.o(.text)
    TP_Get_Adjdata                           0x080092f5   Thumb Code   120  touch.o(.text)
    TP_Adj_Info_Show                         0x0800936d   Thumb Code   376  touch.o(.text)
    TP_Adjust                                0x080094e5   Thumb Code  1246  touch.o(.text)
    TP_Init                                  0x080099c3   Thumb Code   170  touch.o(.text)
    OTT2001A_WR_Reg                          0x08009ac5   Thumb Code    92  ott2001a.o(.text)
    OTT2001A_RD_Reg                          0x08009b21   Thumb Code    98  ott2001a.o(.text)
    OTT2001A_SensorControl                   0x08009b83   Thumb Code    28  ott2001a.o(.text)
    OTT2001A_Init                            0x08009b9f   Thumb Code   156  ott2001a.o(.text)
    CTP_Scan                                 0x08009c3b   Thumb Code   446  ott2001a.o(.text)
    CT_Delay                                 0x08009e31   Thumb Code    10  ctiic.o(.text)
    CT_IIC_Init                              0x08009e3b   Thumb Code    62  ctiic.o(.text)
    CT_IIC_Start                             0x08009e79   Thumb Code    60  ctiic.o(.text)
    CT_IIC_Stop                              0x08009eb5   Thumb Code    64  ctiic.o(.text)
    CT_IIC_Wait_Ack                          0x08009ef5   Thumb Code    86  ctiic.o(.text)
    CT_IIC_Ack                               0x08009f4b   Thumb Code    66  ctiic.o(.text)
    CT_IIC_NAck                              0x08009f8d   Thumb Code    66  ctiic.o(.text)
    CT_IIC_Send_Byte                         0x08009fcf   Thumb Code    82  ctiic.o(.text)
    CT_IIC_Read_Byte                         0x0800a021   Thumb Code    94  ctiic.o(.text)
    IIC_Init                                 0x0800a091   Thumb Code    52  myiic.o(.text)
    IIC_Start                                0x0800a0c5   Thumb Code    68  myiic.o(.text)
    IIC_Stop                                 0x0800a109   Thumb Code    62  myiic.o(.text)
    IIC_Wait_Ack                             0x0800a147   Thumb Code    86  myiic.o(.text)
    IIC_Ack                                  0x0800a19d   Thumb Code    66  myiic.o(.text)
    IIC_NAck                                 0x0800a1df   Thumb Code    66  myiic.o(.text)
    IIC_Send_Byte                            0x0800a221   Thumb Code    90  myiic.o(.text)
    IIC_Read_Byte                            0x0800a27b   Thumb Code    98  myiic.o(.text)
    AT24CXX_Init                             0x0800a2e9   Thumb Code     8  24cxx.o(.text)
    AT24CXX_ReadOneByte                      0x0800a2f1   Thumb Code    88  24cxx.o(.text)
    AT24CXX_WriteOneByte                     0x0800a349   Thumb Code    80  24cxx.o(.text)
    AT24CXX_WriteLenByte                     0x0800a399   Thumb Code    42  24cxx.o(.text)
    AT24CXX_ReadLenByte                      0x0800a3c3   Thumb Code    44  24cxx.o(.text)
    AT24CXX_Check                            0x0800a3ef   Thumb Code    46  24cxx.o(.text)
    AT24CXX_Read                             0x0800a41d   Thumb Code    34  24cxx.o(.text)
    AT24CXX_Write                            0x0800a43f   Thumb Code    36  24cxx.o(.text)
    __use_no_semihosting                     0x0800a463   Thumb Code     2  use_no_semi_2.o(.text)
    __c89vsprintf                            0x0800a465   Thumb Code    32  c89vsprintf.o(.text)
    __2printf                                0x0800a489   Thumb Code    20  __2printf.o(.text)
    _printf_longlong_hex                     0x0800a4a1   Thumb Code    86  _printf_hex_int_ll_ptr.o(.text)
    _printf_int_hex                          0x0800a4f7   Thumb Code    28  _printf_hex_int_ll_ptr.o(.text)
    _printf_ll_hex                           0x0800a513   Thumb Code    12  _printf_hex_int_ll_ptr.o(.text)
    _printf_hex_ptr                          0x0800a51f   Thumb Code    18  _printf_hex_int_ll_ptr.o(.text)
    __printf                                 0x0800a535   Thumb Code   388  __printf_flags_ss_wp.o(.text)
    __aeabi_memclr                           0x0800a6bd   Thumb Code     0  rt_memclr.o(.text)
    __rt_memclr                              0x0800a6bd   Thumb Code    68  rt_memclr.o(.text)
    _memset                                  0x0800a6c1   Thumb Code     0  rt_memclr.o(.text)
    __aeabi_memclr4                          0x0800a701   Thumb Code     0  rt_memclr_w.o(.text)
    __aeabi_memclr8                          0x0800a701   Thumb Code     0  rt_memclr_w.o(.text)
    __rt_memclr_w                            0x0800a701   Thumb Code    78  rt_memclr_w.o(.text)
    _memset_w                                0x0800a705   Thumb Code     0  rt_memclr_w.o(.text)
    __use_two_region_memory                  0x0800a74f   Thumb Code     2  heapauxi.o(.text)
    __rt_heap_escrow$2region                 0x0800a751   Thumb Code     2  heapauxi.o(.text)
    __rt_heap_expand$2region                 0x0800a753   Thumb Code     2  heapauxi.o(.text)
    __I$use$semihosting                      0x0800a755   Thumb Code     0  use_no_semi.o(.text)
    __use_no_semihosting_swi                 0x0800a755   Thumb Code     2  use_no_semi.o(.text)
    __read_errno                             0x0800a757   Thumb Code    10  _rserrno.o(.text)
    __set_errno                              0x0800a761   Thumb Code    12  _rserrno.o(.text)
    _printf_pre_padding                      0x0800a76d   Thumb Code    44  _printf_pad.o(.text)
    _printf_post_padding                     0x0800a799   Thumb Code    34  _printf_pad.o(.text)
    _printf_truncate_signed                  0x0800a7bb   Thumb Code    18  _printf_truncate.o(.text)
    _printf_truncate_unsigned                0x0800a7cd   Thumb Code    18  _printf_truncate.o(.text)
    _printf_str                              0x0800a7df   Thumb Code    82  _printf_str.o(.text)
    _printf_int_common                       0x0800a831   Thumb Code   178  _printf_intcommon.o(.text)
    _printf_int_dec                          0x0800a8e5   Thumb Code   104  _printf_dec.o(.text)
    _printf_charcount                        0x0800a95d   Thumb Code    40  _printf_charcount.o(.text)
    _printf_char_common                      0x0800a98f   Thumb Code    32  _printf_char_common.o(.text)
    _sputc                                   0x0800a9b5   Thumb Code    10  _sputc.o(.text)
    _printf_char_file                        0x0800a9c1   Thumb Code    32  _printf_char_file.o(.text)
    _printf_wctomb                           0x0800a9e5   Thumb Code   182  _printf_wctomb.o(.text)
    _printf_longlong_dec                     0x0800aaa1   Thumb Code   108  _printf_longlong_dec.o(.text)
    _printf_longlong_oct                     0x0800ab1d   Thumb Code    68  _printf_oct_int_ll.o(.text)
    _printf_int_oct                          0x0800ab61   Thumb Code    24  _printf_oct_int_ll.o(.text)
    _printf_ll_oct                           0x0800ab79   Thumb Code    12  _printf_oct_int_ll.o(.text)
    __aeabi_errno_addr                       0x0800ab8d   Thumb Code     8  rt_errno_addr_intlibspace.o(.text)
    __errno$intlibspace                      0x0800ab8d   Thumb Code     0  rt_errno_addr_intlibspace.o(.text)
    __rt_errno_addr$intlibspace              0x0800ab8d   Thumb Code     0  rt_errno_addr_intlibspace.o(.text)
    _ll_udiv10                               0x0800ab95   Thumb Code   138  lludiv10.o(.text)
    __lib_sel_fp_printf                      0x0800ac1f   Thumb Code     2  _printf_fp_dec.o(.text)
    _printf_fp_dec_real                      0x0800adcd   Thumb Code   620  _printf_fp_dec.o(.text)
    _printf_cs_common                        0x0800b039   Thumb Code    20  _printf_char.o(.text)
    _printf_char                             0x0800b04d   Thumb Code    16  _printf_char.o(.text)
    _printf_string                           0x0800b05d   Thumb Code     8  _printf_char.o(.text)
    _printf_lcs_common                       0x0800b065   Thumb Code    20  _printf_wchar.o(.text)
    _printf_wchar                            0x0800b079   Thumb Code    16  _printf_wchar.o(.text)
    _printf_wstring                          0x0800b089   Thumb Code     8  _printf_wchar.o(.text)
    ferror                                   0x0800b091   Thumb Code     8  ferror.o(.text)
    _wcrtomb                                 0x0800b099   Thumb Code    64  _wcrtomb.o(.text)
    __user_libspace                          0x0800b0d9   Thumb Code     8  libspace.o(.text)
    __user_perproc_libspace                  0x0800b0d9   Thumb Code     0  libspace.o(.text)
    __user_perthread_libspace                0x0800b0d9   Thumb Code     0  libspace.o(.text)
    __user_setup_stackheap                   0x0800b0e1   Thumb Code    74  sys_stackheap_outer.o(.text)
    __rt_ctype_table                         0x0800b12d   Thumb Code    16  rt_ctype_table.o(.text)
    __rt_locale                              0x0800b13d   Thumb Code     8  rt_locale_intlibspace.o(.text)
    _printf_fp_infnan                        0x0800b145   Thumb Code   112  _printf_fp_infnan.o(.text)
    _btod_etento                             0x0800b1c5   Thumb Code   216  bigflt0.o(.text)
    exit                                     0x0800b2a1   Thumb Code    18  exit.o(.text)
    strcmp                                   0x0800b2b5   Thumb Code   128  strcmpv7m.o(.text)
    _btod_d2e                                0x0800b335   Thumb Code    62  btod.o(CL$$btod_d2e)
    _d2e_denorm_low                          0x0800b373   Thumb Code    70  btod.o(CL$$btod_d2e_denorm_low)
    _d2e_norm_op1                            0x0800b3b9   Thumb Code    96  btod.o(CL$$btod_d2e_norm_op1)
    __btod_div_common                        0x0800b419   Thumb Code   696  btod.o(CL$$btod_div_common)
    _e2e                                     0x0800b751   Thumb Code   198  btod.o(CL$$btod_e2e)
    _btod_ediv                               0x0800b817   Thumb Code    40  btod.o(CL$$btod_ediv)
    _btod_emul                               0x0800b83f   Thumb Code    40  btod.o(CL$$btod_emul)
    __btod_mult_common                       0x0800b867   Thumb Code   580  btod.o(CL$$btod_mult_common)
    __ARM_fpclassify                         0x0800baab   Thumb Code    40  fpclassify.o(i.__ARM_fpclassify)
    _is_digit                                0x0800bad3   Thumb Code    14  __printf_wp.o(i._is_digit)
    sqrt                                     0x0800bae1   Thumb Code    76  sqrt.o(i.sqrt)
    _get_lc_numeric                          0x0800bb2d   Thumb Code    44  lc_numeric_c.o(locale$$code)
    _get_lc_ctype                            0x0800bb59   Thumb Code    44  lc_ctype_c.o(locale$$code)
    __aeabi_dadd                             0x0800bb85   Thumb Code     0  daddsub_clz.o(x$fpl$dadd)
    _dadd                                    0x0800bb85   Thumb Code   332  daddsub_clz.o(x$fpl$dadd)
    __fpl_dcmp_Inf                           0x0800bcd5   Thumb Code    24  dcmpi.o(x$fpl$dcmpinf)
    __aeabi_d2uiz                            0x0800bced   Thumb Code     0  dfixu.o(x$fpl$dfixu)
    _dfixu                                   0x0800bced   Thumb Code    90  dfixu.o(x$fpl$dfixu)
    __aeabi_i2d                              0x0800bd47   Thumb Code     0  dflt_clz.o(x$fpl$dflt)
    _dflt                                    0x0800bd47   Thumb Code    46  dflt_clz.o(x$fpl$dflt)
    __aeabi_ui2d                             0x0800bd75   Thumb Code     0  dflt_clz.o(x$fpl$dfltu)
    _dfltu                                   0x0800bd75   Thumb Code    38  dflt_clz.o(x$fpl$dfltu)
    __aeabi_cdcmple                          0x0800bd9d   Thumb Code     0  dleqf.o(x$fpl$dleqf)
    _dcmple                                  0x0800bd9d   Thumb Code   120  dleqf.o(x$fpl$dleqf)
    __fpl_dcmple_InfNaN                      0x0800bdff   Thumb Code     0  dleqf.o(x$fpl$dleqf)
    __aeabi_dmul                             0x0800be15   Thumb Code     0  dmul.o(x$fpl$dmul)
    _dmul                                    0x0800be15   Thumb Code   332  dmul.o(x$fpl$dmul)
    __fpl_dnaninf                            0x0800bf69   Thumb Code   156  dnaninf.o(x$fpl$dnaninf)
    __fpl_dretinf                            0x0800c005   Thumb Code    12  dretinf.o(x$fpl$dretinf)
    __aeabi_cdrcmple                         0x0800c011   Thumb Code     0  drleqf.o(x$fpl$drleqf)
    _drcmple                                 0x0800c011   Thumb Code   108  drleqf.o(x$fpl$drleqf)
    __aeabi_drsub                            0x0800c07d   Thumb Code     0  daddsub_clz.o(x$fpl$drsb)
    _drsb                                    0x0800c07d   Thumb Code    22  daddsub_clz.o(x$fpl$drsb)
    _dsqrt                                   0x0800c095   Thumb Code   456  dsqrt_noumaal.o(x$fpl$dsqrt)
    __aeabi_dsub                             0x0800c261   Thumb Code     0  daddsub_clz.o(x$fpl$dsub)
    _dsub                                    0x0800c261   Thumb Code   464  daddsub_clz.o(x$fpl$dsub)
    __aeabi_f2d                              0x0800c435   Thumb Code     0  f2d.o(x$fpl$f2d)
    _f2d                                     0x0800c435   Thumb Code    86  f2d.o(x$fpl$f2d)
    __aeabi_fadd                             0x0800c48d   Thumb Code     0  faddsub_clz.o(x$fpl$fadd)
    _fadd                                    0x0800c48d   Thumb Code   196  faddsub_clz.o(x$fpl$fadd)
    __aeabi_fdiv                             0x0800c551   Thumb Code     0  fdiv.o(x$fpl$fdiv)
    _fdiv                                    0x0800c551   Thumb Code   384  fdiv.o(x$fpl$fdiv)
    __aeabi_f2iz                             0x0800c6d5   Thumb Code     0  ffix.o(x$fpl$ffix)
    _ffix                                    0x0800c6d5   Thumb Code    54  ffix.o(x$fpl$ffix)
    __aeabi_f2uiz                            0x0800c70d   Thumb Code     0  ffixu.o(x$fpl$ffixu)
    _ffixu                                   0x0800c70d   Thumb Code    62  ffixu.o(x$fpl$ffixu)
    __aeabi_i2f                              0x0800c74d   Thumb Code     0  fflt_clz.o(x$fpl$fflt)
    _fflt                                    0x0800c74d   Thumb Code    48  fflt_clz.o(x$fpl$fflt)
    __aeabi_ui2f                             0x0800c77d   Thumb Code     0  fflt_clz.o(x$fpl$ffltu)
    _ffltu                                   0x0800c77d   Thumb Code    38  fflt_clz.o(x$fpl$ffltu)
    __aeabi_fmul                             0x0800c7a5   Thumb Code     0  fmul.o(x$fpl$fmul)
    _fmul                                    0x0800c7a5   Thumb Code   258  fmul.o(x$fpl$fmul)
    __fpl_fnaninf                            0x0800c8a7   Thumb Code   140  fnaninf.o(x$fpl$fnaninf)
    __fpl_fretinf                            0x0800c933   Thumb Code    10  fretinf.o(x$fpl$fretinf)
    __aeabi_fsub                             0x0800c93d   Thumb Code     0  faddsub_clz.o(x$fpl$fsub)
    _fsub                                    0x0800c93d   Thumb Code   234  faddsub_clz.o(x$fpl$fsub)
    _printf_fp_dec                           0x0800ca27   Thumb Code     4  printf1.o(x$fpl$printf1)
    __I$use$fp                               0x0800ca2a   Number         0  usenofp.o(x$fpl$usenofp)
    asc2_1206                                0x0800ca2a   Data        1140  lcd.o(.constdata)
    asc2_1608                                0x0800ce9e   Data        1520  lcd.o(.constdata)
    asc2_2412                                0x0800d48e   Data        3420  lcd.o(.constdata)
    TP_ADJDIS_TBL                            0x0800e1ea   Data          12  touch.o(.constdata)
    OTT_TPX_TBL                              0x0800e1f6   Data          10  ott2001a.o(.constdata)
    Region$$Table$$Base                      0x0800e354   Number         0  anon$$obj.o(Region$$Table)
    Region$$Table$$Limit                     0x0800e374   Number         0  anon$$obj.o(Region$$Table)
    __ctype                                  0x0800e39d   Data           0  lc_ctype_c.o(locale$$data)
    tp                                       0x20000000   Data           4  main.o(.data)
    SystemCoreClock                          0x20000004   Data           4  system_stm32f10x.o(.data)
    AHBPrescTable                            0x20000008   Data          16  system_stm32f10x.o(.data)
    __stdout                                 0x20000030   Data           4  usart.o(.data)
    USART_RX_STA                             0x20000034   Data           2  usart.o(.data)
    USART2_RX_STA                            0x20000036   Data           2  usart2.o(.data)
    POINT_COLOR                              0x20000038   Data           2  lcd.o(.data)
    BACK_COLOR                               0x2000003a   Data           2  lcd.o(.data)
    USART3_RX_STA                            0x2000003e   Data           2  usart3.o(.data)
    tp_dev                                   0x20000040   Data          52  touch.o(.data)
    CMD_RDX                                  0x20000074   Data           1  touch.o(.data)
    CMD_RDY                                  0x20000075   Data           1  touch.o(.data)
    TP_REMIND_MSG_TBL                        0x20000078   Data           4  touch.o(.data)
    msg                                      0x20000080   Data        7200  main.o(.bss)
    USART_TX_BUF                             0x20001ca0   Data         200  usart.o(.bss)
    USART_RX_BUF                             0x20001d68   Data         200  usart.o(.bss)
    USART2_TX_BUF                            0x20001e30   Data        1024  usart2.o(.bss)
    USART2_RX_BUF                            0x20002230   Data        1024  usart2.o(.bss)
    lcddev                                   0x20002630   Data          14  lcd.o(.bss)
    USART3_TX_BUF                            0x20002640   Data         200  usart3.o(.bss)
    USART3_RX_BUF                            0x20002708   Data         200  usart3.o(.bss)
    __libspace_start                         0x200027d0   Data          96  libspace.o(.bss)
    __temporary_stack_top$libspace           0x20002830   Data           0  libspace.o(.bss)



==============================================================================

Memory Map of the image

  Image Entry point : 0x08000131

  Load Region LR_IROM1 (Base: 0x08000000, Size: 0x0000e520, Max: 0x00040000, ABSOLUTE)

    Execution Region ER_IROM1 (Base: 0x08000000, Size: 0x0000e4a0, Max: 0x00040000, ABSOLUTE)

    Base Addr    Size         Type   Attr      Idx    E Section Name        Object

    0x08000000   0x00000130   Data   RO          146    RESET               startup_stm32f10x_hd.o
    0x08000130   0x00000008   Code   RO          833  * !!!main             c_w.l(__main.o)
    0x08000138   0x00000034   Code   RO         1181    !!!scatter          c_w.l(__scatter.o)
    0x0800016c   0x0000001a   Code   RO         1183    !!handler_copy      c_w.l(__scatter_copy.o)
    0x08000186   0x00000002   PAD
    0x08000188   0x0000001c   Code   RO         1185    !!handler_zi        c_w.l(__scatter_zi.o)
    0x080001a4   0x00000000   Code   RO          826    .ARM.Collect$$_printf_percent$$00000000  c_w.l(_printf_percent.o)
    0x080001a4   0x00000006   Code   RO          929    .ARM.Collect$$_printf_percent$$00000001  c_w.l(_printf_n.o)
    0x080001aa   0x00000006   Code   RO          930    .ARM.Collect$$_printf_percent$$00000002  c_w.l(_printf_p.o)
    0x080001b0   0x00000006   Code   RO          935    .ARM.Collect$$_printf_percent$$00000003  c_w.l(_printf_f.o)
    0x080001b6   0x00000006   Code   RO          936    .ARM.Collect$$_printf_percent$$00000004  c_w.l(_printf_e.o)
    0x080001bc   0x00000006   Code   RO          937    .ARM.Collect$$_printf_percent$$00000005  c_w.l(_printf_g.o)
    0x080001c2   0x00000006   Code   RO          938    .ARM.Collect$$_printf_percent$$00000006  c_w.l(_printf_a.o)
    0x080001c8   0x0000000a   Code   RO          943    .ARM.Collect$$_printf_percent$$00000007  c_w.l(_printf_ll.o)
    0x080001d2   0x00000006   Code   RO          932    .ARM.Collect$$_printf_percent$$00000008  c_w.l(_printf_i.o)
    0x080001d8   0x00000006   Code   RO          933    .ARM.Collect$$_printf_percent$$00000009  c_w.l(_printf_d.o)
    0x080001de   0x00000006   Code   RO          934    .ARM.Collect$$_printf_percent$$0000000A  c_w.l(_printf_u.o)
    0x080001e4   0x00000006   Code   RO          931    .ARM.Collect$$_printf_percent$$0000000B  c_w.l(_printf_o.o)
    0x080001ea   0x00000006   Code   RO          825    .ARM.Collect$$_printf_percent$$0000000C  c_w.l(_printf_x.o)
    0x080001f0   0x00000006   Code   RO          940    .ARM.Collect$$_printf_percent$$0000000D  c_w.l(_printf_lli.o)
    0x080001f6   0x00000006   Code   RO          941    .ARM.Collect$$_printf_percent$$0000000E  c_w.l(_printf_lld.o)
    0x080001fc   0x00000006   Code   RO          942    .ARM.Collect$$_printf_percent$$0000000F  c_w.l(_printf_llu.o)
    0x08000202   0x00000006   Code   RO          947    .ARM.Collect$$_printf_percent$$00000010  c_w.l(_printf_llo.o)
    0x08000208   0x00000006   Code   RO          948    .ARM.Collect$$_printf_percent$$00000011  c_w.l(_printf_llx.o)
    0x0800020e   0x0000000a   Code   RO          944    .ARM.Collect$$_printf_percent$$00000012  c_w.l(_printf_l.o)
    0x08000218   0x00000006   Code   RO          927    .ARM.Collect$$_printf_percent$$00000013  c_w.l(_printf_c.o)
    0x0800021e   0x00000006   Code   RO          928    .ARM.Collect$$_printf_percent$$00000014  c_w.l(_printf_s.o)
    0x08000224   0x00000006   Code   RO          945    .ARM.Collect$$_printf_percent$$00000015  c_w.l(_printf_lc.o)
    0x0800022a   0x00000006   Code   RO          946    .ARM.Collect$$_printf_percent$$00000016  c_w.l(_printf_ls.o)
    0x08000230   0x00000004   Code   RO          939    .ARM.Collect$$_printf_percent$$00000017  c_w.l(_printf_percent_end.o)
    0x08000234   0x00000002   Code   RO         1049    .ARM.Collect$$libinit$$00000000  c_w.l(libinit.o)
    0x08000236   0x00000000   Code   RO         1062    .ARM.Collect$$libinit$$00000002  c_w.l(libinit2.o)
    0x08000236   0x00000000   Code   RO         1064    .ARM.Collect$$libinit$$00000004  c_w.l(libinit2.o)
    0x08000236   0x00000000   Code   RO         1067    .ARM.Collect$$libinit$$0000000A  c_w.l(libinit2.o)
    0x08000236   0x00000000   Code   RO         1069    .ARM.Collect$$libinit$$0000000C  c_w.l(libinit2.o)
    0x08000236   0x00000000   Code   RO         1071    .ARM.Collect$$libinit$$0000000E  c_w.l(libinit2.o)
    0x08000236   0x00000006   Code   RO         1072    .ARM.Collect$$libinit$$0000000F  c_w.l(libinit2.o)
    0x0800023c   0x00000000   Code   RO         1074    .ARM.Collect$$libinit$$00000011  c_w.l(libinit2.o)
    0x0800023c   0x0000000c   Code   RO         1075    .ARM.Collect$$libinit$$00000012  c_w.l(libinit2.o)
    0x08000248   0x00000000   Code   RO         1076    .ARM.Collect$$libinit$$00000013  c_w.l(libinit2.o)
    0x08000248   0x00000000   Code   RO         1078    .ARM.Collect$$libinit$$00000015  c_w.l(libinit2.o)
    0x08000248   0x0000000a   Code   RO         1079    .ARM.Collect$$libinit$$00000016  c_w.l(libinit2.o)
    0x08000252   0x00000000   Code   RO         1080    .ARM.Collect$$libinit$$00000017  c_w.l(libinit2.o)
    0x08000252   0x00000000   Code   RO         1082    .ARM.Collect$$libinit$$00000019  c_w.l(libinit2.o)
    0x08000252   0x00000000   Code   RO         1084    .ARM.Collect$$libinit$$0000001B  c_w.l(libinit2.o)
    0x08000252   0x00000000   Code   RO         1086    .ARM.Collect$$libinit$$0000001D  c_w.l(libinit2.o)
    0x08000252   0x00000000   Code   RO         1088    .ARM.Collect$$libinit$$0000001F  c_w.l(libinit2.o)
    0x08000252   0x00000000   Code   RO         1090    .ARM.Collect$$libinit$$00000021  c_w.l(libinit2.o)
    0x08000252   0x00000000   Code   RO         1092    .ARM.Collect$$libinit$$00000023  c_w.l(libinit2.o)
    0x08000252   0x00000000   Code   RO         1094    .ARM.Collect$$libinit$$00000025  c_w.l(libinit2.o)
    0x08000252   0x00000000   Code   RO         1098    .ARM.Collect$$libinit$$0000002C  c_w.l(libinit2.o)
    0x08000252   0x00000000   Code   RO         1100    .ARM.Collect$$libinit$$0000002E  c_w.l(libinit2.o)
    0x08000252   0x00000000   Code   RO         1102    .ARM.Collect$$libinit$$00000030  c_w.l(libinit2.o)
    0x08000252   0x00000000   Code   RO         1104    .ARM.Collect$$libinit$$00000032  c_w.l(libinit2.o)
    0x08000252   0x00000002   Code   RO         1105    .ARM.Collect$$libinit$$00000033  c_w.l(libinit2.o)
    0x08000254   0x00000002   Code   RO         1123    .ARM.Collect$$libshutdown$$00000000  c_w.l(libshutdown.o)
    0x08000256   0x00000000   Code   RO         1133    .ARM.Collect$$libshutdown$$00000002  c_w.l(libshutdown2.o)
    0x08000256   0x00000000   Code   RO         1135    .ARM.Collect$$libshutdown$$00000004  c_w.l(libshutdown2.o)
    0x08000256   0x00000000   Code   RO         1138    .ARM.Collect$$libshutdown$$00000007  c_w.l(libshutdown2.o)
    0x08000256   0x00000000   Code   RO         1141    .ARM.Collect$$libshutdown$$0000000A  c_w.l(libshutdown2.o)
    0x08000256   0x00000000   Code   RO         1143    .ARM.Collect$$libshutdown$$0000000C  c_w.l(libshutdown2.o)
    0x08000256   0x00000000   Code   RO         1146    .ARM.Collect$$libshutdown$$0000000F  c_w.l(libshutdown2.o)
    0x08000256   0x00000002   Code   RO         1147    .ARM.Collect$$libshutdown$$00000010  c_w.l(libshutdown2.o)
    0x08000258   0x00000000   Code   RO          895    .ARM.Collect$$rtentry$$00000000  c_w.l(__rtentry.o)
    0x08000258   0x00000000   Code   RO          965    .ARM.Collect$$rtentry$$00000002  c_w.l(__rtentry2.o)
    0x08000258   0x00000006   Code   RO          977    .ARM.Collect$$rtentry$$00000004  c_w.l(__rtentry4.o)
    0x0800025e   0x00000000   Code   RO          967    .ARM.Collect$$rtentry$$00000009  c_w.l(__rtentry2.o)
    0x0800025e   0x00000004   Code   RO          968    .ARM.Collect$$rtentry$$0000000A  c_w.l(__rtentry2.o)
    0x08000262   0x00000000   Code   RO          970    .ARM.Collect$$rtentry$$0000000C  c_w.l(__rtentry2.o)
    0x08000262   0x00000008   Code   RO          971    .ARM.Collect$$rtentry$$0000000D  c_w.l(__rtentry2.o)
    0x0800026a   0x00000002   Code   RO         1054    .ARM.Collect$$rtexit$$00000000  c_w.l(rtexit.o)
    0x0800026c   0x00000000   Code   RO         1107    .ARM.Collect$$rtexit$$00000002  c_w.l(rtexit2.o)
    0x0800026c   0x00000004   Code   RO         1108    .ARM.Collect$$rtexit$$00000003  c_w.l(rtexit2.o)
    0x08000270   0x00000006   Code   RO         1109    .ARM.Collect$$rtexit$$00000004  c_w.l(rtexit2.o)
    0x08000276   0x00000002   PAD
    0x08000278   0x000003a8   Code   RO            1    .text               main.o
    0x08000620   0x0000001a   Code   RO          100    .text               stm32f10x_it.o
    0x0800063a   0x00000002   PAD
    0x0800063c   0x000001e0   Code   RO          115    .text               system_stm32f10x.o
    0x0800081c   0x00000040   Code   RO          147    .text               startup_stm32f10x_hd.o
    0x0800085c   0x000000dc   Code   RO          151    .text               misc.o
    0x08000938   0x00000254   Code   RO          282    .text               stm32f10x_dma.o
    0x08000b8c   0x0000035c   Code   RO          342    .text               stm32f10x_gpio.o
    0x08000ee8   0x000003a4   Code   RO          399    .text               stm32f10x_rcc.o
    0x0800128c   0x00000e1a   Code   RO          458    .text               stm32f10x_tim.o
    0x080020a6   0x00000002   PAD
    0x080020a8   0x00000408   Code   RO          473    .text               stm32f10x_usart.o
    0x080024b0   0x000000d4   Code   RO          500    .text               delay.o
    0x08002584   0x00000218   Code   RO          526    .text               usart.o
    0x0800279c   0x00000310   Code   RO          555    .text               usart2.o
    0x08002aac   0x000058a4   Code   RO          578    .text               lcd.o
    0x08008350   0x000000fc   Code   RO          605    .text               key.o
    0x0800844c   0x000001c8   Code   RO          618    .text               usart3.o
    0x08008614   0x000007d8   Code   RO          637    .text               usr-c215.o
    0x08008dec   0x000000d4   Code   RO          671    .text               functions.o
    0x08008ec0   0x00000c04   Code   RO          683    .text               touch.o
    0x08009ac4   0x0000036c   Code   RO          713    .text               ott2001a.o
    0x08009e30   0x00000260   Code   RO          736    .text               ctiic.o
    0x0800a090   0x00000258   Code   RO          748    .text               myiic.o
    0x0800a2e8   0x0000017a   Code   RO          760    .text               24cxx.o
    0x0800a462   0x00000002   Code   RO          774    .text               c_w.l(use_no_semi_2.o)
    0x0800a464   0x00000024   Code   RO          776    .text               c_w.l(c89vsprintf.o)
    0x0800a488   0x00000018   Code   RO          778    .text               c_w.l(__2printf.o)
    0x0800a4a0   0x00000094   Code   RO          802    .text               c_w.l(_printf_hex_int_ll_ptr.o)
    0x0800a534   0x00000188   Code   RO          822    .text               c_w.l(__printf_flags_ss_wp.o)
    0x0800a6bc   0x00000044   Code   RO          827    .text               c_w.l(rt_memclr.o)
    0x0800a700   0x0000004e   Code   RO          829    .text               c_w.l(rt_memclr_w.o)
    0x0800a74e   0x00000006   Code   RO          831    .text               c_w.l(heapauxi.o)
    0x0800a754   0x00000002   Code   RO          893    .text               c_w.l(use_no_semi.o)
    0x0800a756   0x00000016   Code   RO          896    .text               c_w.l(_rserrno.o)
    0x0800a76c   0x0000004e   Code   RO          898    .text               c_w.l(_printf_pad.o)
    0x0800a7ba   0x00000024   Code   RO          900    .text               c_w.l(_printf_truncate.o)
    0x0800a7de   0x00000052   Code   RO          902    .text               c_w.l(_printf_str.o)
    0x0800a830   0x000000b2   Code   RO          904    .text               c_w.l(_printf_intcommon.o)
    0x0800a8e2   0x00000002   PAD
    0x0800a8e4   0x00000078   Code   RO          906    .text               c_w.l(_printf_dec.o)
    0x0800a95c   0x00000028   Code   RO          908    .text               c_w.l(_printf_charcount.o)
    0x0800a984   0x00000030   Code   RO          910    .text               c_w.l(_printf_char_common.o)
    0x0800a9b4   0x0000000a   Code   RO          912    .text               c_w.l(_sputc.o)
    0x0800a9be   0x00000002   PAD
    0x0800a9c0   0x00000024   Code   RO          914    .text               c_w.l(_printf_char_file.o)
    0x0800a9e4   0x000000bc   Code   RO          916    .text               c_w.l(_printf_wctomb.o)
    0x0800aaa0   0x0000007c   Code   RO          919    .text               c_w.l(_printf_longlong_dec.o)
    0x0800ab1c   0x00000070   Code   RO          925    .text               c_w.l(_printf_oct_int_ll.o)
    0x0800ab8c   0x00000008   Code   RO          982    .text               c_w.l(rt_errno_addr_intlibspace.o)
    0x0800ab94   0x0000008a   Code   RO          984    .text               c_w.l(lludiv10.o)
    0x0800ac1e   0x0000041a   Code   RO          986    .text               c_w.l(_printf_fp_dec.o)
    0x0800b038   0x0000002c   Code   RO          990    .text               c_w.l(_printf_char.o)
    0x0800b064   0x0000002c   Code   RO          992    .text               c_w.l(_printf_wchar.o)
    0x0800b090   0x00000008   Code   RO          994    .text               c_w.l(ferror.o)
    0x0800b098   0x00000040   Code   RO          998    .text               c_w.l(_wcrtomb.o)
    0x0800b0d8   0x00000008   Code   RO         1000    .text               c_w.l(libspace.o)
    0x0800b0e0   0x0000004a   Code   RO         1003    .text               c_w.l(sys_stackheap_outer.o)
    0x0800b12a   0x00000002   PAD
    0x0800b12c   0x00000010   Code   RO         1005    .text               c_w.l(rt_ctype_table.o)
    0x0800b13c   0x00000008   Code   RO         1010    .text               c_w.l(rt_locale_intlibspace.o)
    0x0800b144   0x00000080   Code   RO         1012    .text               c_w.l(_printf_fp_infnan.o)
    0x0800b1c4   0x000000dc   Code   RO         1014    .text               c_w.l(bigflt0.o)
    0x0800b2a0   0x00000012   Code   RO         1042    .text               c_w.l(exit.o)
    0x0800b2b2   0x00000002   PAD
    0x0800b2b4   0x00000080   Code   RO         1059    .text               c_w.l(strcmpv7m.o)
    0x0800b334   0x0000003e   Code   RO         1017    CL$$btod_d2e        c_w.l(btod.o)
    0x0800b372   0x00000046   Code   RO         1019    CL$$btod_d2e_denorm_low  c_w.l(btod.o)
    0x0800b3b8   0x00000060   Code   RO         1018    CL$$btod_d2e_norm_op1  c_w.l(btod.o)
    0x0800b418   0x00000338   Code   RO         1027    CL$$btod_div_common  c_w.l(btod.o)
    0x0800b750   0x000000c6   Code   RO         1024    CL$$btod_e2e        c_w.l(btod.o)
    0x0800b816   0x00000028   Code   RO         1021    CL$$btod_ediv       c_w.l(btod.o)
    0x0800b83e   0x00000028   Code   RO         1020    CL$$btod_emul       c_w.l(btod.o)
    0x0800b866   0x00000244   Code   RO         1026    CL$$btod_mult_common  c_w.l(btod.o)
    0x0800baaa   0x00000028   Code   RO         1052    i.__ARM_fpclassify  m_ws.l(fpclassify.o)
    0x0800bad2   0x0000000e   Code   RO          815    i._is_digit         c_w.l(__printf_wp.o)
    0x0800bae0   0x0000004c   Code   RO          886    i.sqrt              m_ws.l(sqrt.o)
    0x0800bb2c   0x0000002c   Code   RO         1040    locale$$code        c_w.l(lc_numeric_c.o)
    0x0800bb58   0x0000002c   Code   RO         1057    locale$$code        c_w.l(lc_ctype_c.o)
    0x0800bb84   0x00000150   Code   RO          835    x$fpl$dadd          fz_ws.l(daddsub_clz.o)
    0x0800bcd4   0x00000018   Code   RO          949    x$fpl$dcmpinf       fz_ws.l(dcmpi.o)
    0x0800bcec   0x0000005a   Code   RO          841    x$fpl$dfixu         fz_ws.l(dfixu.o)
    0x0800bd46   0x0000002e   Code   RO          846    x$fpl$dflt          fz_ws.l(dflt_clz.o)
    0x0800bd74   0x00000026   Code   RO          845    x$fpl$dfltu         fz_ws.l(dflt_clz.o)
    0x0800bd9a   0x00000002   PAD
    0x0800bd9c   0x00000078   Code   RO          851    x$fpl$dleqf         fz_ws.l(dleqf.o)
    0x0800be14   0x00000154   Code   RO          853    x$fpl$dmul          fz_ws.l(dmul.o)
    0x0800bf68   0x0000009c   Code   RO          951    x$fpl$dnaninf       fz_ws.l(dnaninf.o)
    0x0800c004   0x0000000c   Code   RO          953    x$fpl$dretinf       fz_ws.l(dretinf.o)
    0x0800c010   0x0000006c   Code   RO          855    x$fpl$drleqf        fz_ws.l(drleqf.o)
    0x0800c07c   0x00000016   Code   RO          836    x$fpl$drsb          fz_ws.l(daddsub_clz.o)
    0x0800c092   0x00000002   PAD
    0x0800c094   0x000001cc   Code   RO          955    x$fpl$dsqrt         fz_ws.l(dsqrt_noumaal.o)
    0x0800c260   0x000001d4   Code   RO          837    x$fpl$dsub          fz_ws.l(daddsub_clz.o)
    0x0800c434   0x00000056   Code   RO          857    x$fpl$f2d           fz_ws.l(f2d.o)
    0x0800c48a   0x00000002   PAD
    0x0800c48c   0x000000c4   Code   RO          859    x$fpl$fadd          fz_ws.l(faddsub_clz.o)
    0x0800c550   0x00000184   Code   RO          866    x$fpl$fdiv          fz_ws.l(fdiv.o)
    0x0800c6d4   0x00000036   Code   RO          869    x$fpl$ffix          fz_ws.l(ffix.o)
    0x0800c70a   0x00000002   PAD
    0x0800c70c   0x0000003e   Code   RO          873    x$fpl$ffixu         fz_ws.l(ffixu.o)
    0x0800c74a   0x00000002   PAD
    0x0800c74c   0x00000030   Code   RO          878    x$fpl$fflt          fz_ws.l(fflt_clz.o)
    0x0800c77c   0x00000026   Code   RO          877    x$fpl$ffltu         fz_ws.l(fflt_clz.o)
    0x0800c7a2   0x00000002   PAD
    0x0800c7a4   0x00000102   Code   RO          883    x$fpl$fmul          fz_ws.l(fmul.o)
    0x0800c8a6   0x0000008c   Code   RO          957    x$fpl$fnaninf       fz_ws.l(fnaninf.o)
    0x0800c932   0x0000000a   Code   RO          959    x$fpl$fretinf       fz_ws.l(fretinf.o)
    0x0800c93c   0x000000ea   Code   RO          861    x$fpl$fsub          fz_ws.l(faddsub_clz.o)
    0x0800ca26   0x00000004   Code   RO          961    x$fpl$printf1       fz_ws.l(printf1.o)
    0x0800ca2a   0x00000000   Code   RO          963    x$fpl$usenofp       fz_ws.l(usenofp.o)
    0x0800ca2a   0x000017c0   Data   RO          580    .constdata          lcd.o
    0x0800e1ea   0x0000000c   Data   RO          684    .constdata          touch.o
    0x0800e1f6   0x0000000a   Data   RO          714    .constdata          ott2001a.o
    0x0800e200   0x00000028   Data   RO          803    .constdata          c_w.l(_printf_hex_int_ll_ptr.o)
    0x0800e228   0x00000011   Data   RO          823    .constdata          c_w.l(__printf_flags_ss_wp.o)
    0x0800e239   0x00000003   PAD
    0x0800e23c   0x00000008   Data   RO          917    .constdata          c_w.l(_printf_wctomb.o)
    0x0800e244   0x00000094   Data   RO         1015    .constdata          c_w.l(bigflt0.o)
    0x0800e2d8   0x00000079   Data   RO          685    .conststring        touch.o
    0x0800e351   0x00000003   PAD
    0x0800e354   0x00000020   Data   RO         1179    Region$$Table       anon$$obj.o
    0x0800e374   0x0000001c   Data   RO         1039    locale$$data        c_w.l(lc_numeric_c.o)
    0x0800e390   0x00000110   Data   RO         1056    locale$$data        c_w.l(lc_ctype_c.o)


    Execution Region RW_IRAM1 (Base: 0x20000000, Size: 0x00002e30, Max: 0x0000c000, ABSOLUTE)

    Base Addr    Size         Type   Attr      Idx    E Section Name        Object

    0x20000000   0x00000004   Data   RW            4    .data               main.o
    0x20000004   0x00000014   Data   RW          116    .data               system_stm32f10x.o
    0x20000018   0x00000014   Data   RW          400    .data               stm32f10x_rcc.o
    0x2000002c   0x00000004   Data   RW          501    .data               delay.o
    0x20000030   0x00000006   Data   RW          528    .data               usart.o
    0x20000036   0x00000002   Data   RW          557    .data               usart2.o
    0x20000038   0x00000004   Data   RW          581    .data               lcd.o
    0x2000003c   0x00000001   Data   RW          606    .data               key.o
    0x2000003d   0x00000001   PAD
    0x2000003e   0x00000002   Data   RW          620    .data               usart3.o
    0x20000040   0x0000003c   Data   RW          686    .data               touch.o
    0x2000007c   0x00000001   Data   RW          715    .data               ott2001a.o
    0x2000007d   0x00000003   PAD
    0x20000080   0x00001c20   Zero   RW            2    .bss                main.o
    0x20001ca0   0x00000190   Zero   RW          527    .bss                usart.o
    0x20001e30   0x00000800   Zero   RW          556    .bss                usart2.o
    0x20002630   0x0000000e   Zero   RW          579    .bss                lcd.o
    0x2000263e   0x00000002   PAD
    0x20002640   0x00000190   Zero   RW          619    .bss                usart3.o
    0x200027d0   0x00000060   Zero   RW         1001    .bss                c_w.l(libspace.o)
    0x20002830   0x00000200   Zero   RW          145    HEAP                startup_stm32f10x_hd.o
    0x20002a30   0x00000400   Zero   RW          144    STACK               startup_stm32f10x_hd.o


==============================================================================

Image component sizes


      Code (inc. data)   RO Data    RW Data    ZI Data      Debug   Object Name

       378          0          0          0          0       2818   24cxx.o
         0          0          0          0          0         32   core_cm3.o
       608         18          0          0          0       2033   ctiic.o
       212         18          0          4          0       1051   delay.o
       212         16          0          0          0       1004   functions.o
       252         16          0          1          0        844   key.o
     22692        204       6080          4         14      24416   lcd.o
       936         44          0          4       7200     235102   main.o
       220         22          0          0          0     206605   misc.o
       600         12          0          0          0       1884   myiic.o
       876         56         10          1          0       2722   ott2001a.o
        64         26        304          0       1536        808   startup_stm32f10x_hd.o
       596          8          0          0          0      14218   stm32f10x_dma.o
       860         38          0          0          0       5749   stm32f10x_gpio.o
        26          0          0          0          0       1186   stm32f10x_it.o
       932         36          0         20          0       8932   stm32f10x_rcc.o
      3610         88          0          0          0      43216   stm32f10x_tim.o
      1032         22          0          0          0       8472   stm32f10x_usart.o
       480         38          0         20          0       1763   system_stm32f10x.o
      3076        180        133         60          0       6603   touch.o
       536         20          0          6        400       4766   usart.o
       784         28          0          2       2048       3676   usart2.o
       456         22          0          2        400       2289   usart3.o
      2008        296          0          0          0       3075   usr-c215.o

    ----------------------------------------------------------------------
     41450       1208       6562        128      11600     583264   Object Totals
         0          0         32          0          0          0   (incl. Generated)
         4          0          3          4          2          0   (incl. Padding)

    ----------------------------------------------------------------------

      Code (inc. data)   RO Data    RW Data    ZI Data      Debug   Library Member Name

        24          4          0          0          0         84   __2printf.o
         8          0          0          0          0         68   __main.o
       392          4         17          0          0         92   __printf_flags_ss_wp.o
        14          0          0          0          0         68   __printf_wp.o
         0          0          0          0          0          0   __rtentry.o
        12          0          0          0          0          0   __rtentry2.o
         6          0          0          0          0          0   __rtentry4.o
        52          8          0          0          0          0   __scatter.o
        26          0          0          0          0          0   __scatter_copy.o
        28          0          0          0          0          0   __scatter_zi.o
         6          0          0          0          0          0   _printf_a.o
         6          0          0          0          0          0   _printf_c.o
        44          0          0          0          0        108   _printf_char.o
        48          6          0          0          0         96   _printf_char_common.o
        36          4          0          0          0         80   _printf_char_file.o
        40          0          0          0          0         68   _printf_charcount.o
         6          0          0          0          0          0   _printf_d.o
       120         16          0          0          0         92   _printf_dec.o
         6          0          0          0          0          0   _printf_e.o
         6          0          0          0          0          0   _printf_f.o
      1050          0          0          0          0        216   _printf_fp_dec.o
       128         16          0          0          0         84   _printf_fp_infnan.o
         6          0          0          0          0          0   _printf_g.o
       148          4         40          0          0        160   _printf_hex_int_ll_ptr.o
         6          0          0          0          0          0   _printf_i.o
       178          0          0          0          0         88   _printf_intcommon.o
        10          0          0          0          0          0   _printf_l.o
         6          0          0          0          0          0   _printf_lc.o
        10          0          0          0          0          0   _printf_ll.o
         6          0          0          0          0          0   _printf_lld.o
         6          0          0          0          0          0   _printf_lli.o
         6          0          0          0          0          0   _printf_llo.o
         6          0          0          0          0          0   _printf_llu.o
         6          0          0          0          0          0   _printf_llx.o
       124         16          0          0          0         92   _printf_longlong_dec.o
         6          0          0          0          0          0   _printf_ls.o
         6          0          0          0          0          0   _printf_n.o
         6          0          0          0          0          0   _printf_o.o
       112          8          0          0          0        124   _printf_oct_int_ll.o
         6          0          0          0          0          0   _printf_p.o
        78          0          0          0          0        108   _printf_pad.o
         0          0          0          0          0          0   _printf_percent.o
         4          0          0          0          0          0   _printf_percent_end.o
         6          0          0          0          0          0   _printf_s.o
        82          0          0          0          0         80   _printf_str.o
        36          0          0          0          0         84   _printf_truncate.o
         6          0          0          0          0          0   _printf_u.o
        44          0          0          0          0        108   _printf_wchar.o
       188          6          8          0          0         92   _printf_wctomb.o
         6          0          0          0          0          0   _printf_x.o
        22          0          0          0          0        100   _rserrno.o
        10          0          0          0          0         68   _sputc.o
        64          0          0          0          0         92   _wcrtomb.o
       220          4        148          0          0         96   bigflt0.o
      1910        128          0          0          0        672   btod.o
        36          4          0          0          0         76   c89vsprintf.o
        18          0          0          0          0         80   exit.o
         8          0          0          0          0         68   ferror.o
         6          0          0          0          0        152   heapauxi.o
        44         10        272          0          0         76   lc_ctype_c.o
        44         10         28          0          0         76   lc_numeric_c.o
         2          0          0          0          0          0   libinit.o
        30          0          0          0          0          0   libinit2.o
         2          0          0          0          0          0   libshutdown.o
         2          0          0          0          0          0   libshutdown2.o
         8          4          0          0         96         68   libspace.o
       138          0          0          0          0         80   lludiv10.o
        16          4          0          0          0         76   rt_ctype_table.o
         8          4          0          0          0         68   rt_errno_addr_intlibspace.o
         8          4          0          0          0         68   rt_locale_intlibspace.o
        68          0          0          0          0         68   rt_memclr.o
        78          0          0          0          0         80   rt_memclr_w.o
         2          0          0          0          0          0   rtexit.o
        10          0          0          0          0          0   rtexit2.o
       128          0          0          0          0         68   strcmpv7m.o
        74          0          0          0          0         80   sys_stackheap_outer.o
         2          0          0          0          0         68   use_no_semi.o
         2          0          0          0          0         68   use_no_semi_2.o
       826         16          0          0          0        348   daddsub_clz.o
        24          0          0          0          0         68   dcmpi.o
        90          4          0          0          0         92   dfixu.o
        84          0          0          0          0        136   dflt_clz.o
       120          4          0          0          0         92   dleqf.o
       340         12          0          0          0        104   dmul.o
       156          4          0          0          0         92   dnaninf.o
        12          0          0          0          0         68   dretinf.o
       108          0          0          0          0         80   drleqf.o
       460         56          0          0          0        120   dsqrt_noumaal.o
        86          4          0          0          0         84   f2d.o
       430          8          0          0          0        168   faddsub_clz.o
       388         76          0          0          0         96   fdiv.o
        54          4          0          0          0         84   ffix.o
        62          4          0          0          0         84   ffixu.o
        86          0          0          0          0        136   fflt_clz.o
       258          4          0          0          0         84   fmul.o
       140          4          0          0          0         84   fnaninf.o
        10          0          0          0          0         68   fretinf.o
         4          0          0          0          0         68   printf1.o
         0          0          0          0          0          0   usenofp.o
        40          0          0          0          0         68   fpclassify.o
        76          0          0          0          0         84   sqrt.o

    ----------------------------------------------------------------------
     10000        464        516          0         96       6648   Library Totals
        24          0          3          0          0          0   (incl. Padding)

    ----------------------------------------------------------------------

      Code (inc. data)   RO Data    RW Data    ZI Data      Debug   Library Name

      6122        264        513          0         96       4340   c_w.l
      3738        200          0          0          0       2156   fz_ws.l
       116          0          0          0          0        152   m_ws.l

    ----------------------------------------------------------------------
     10000        464        516          0         96       6648   Library Totals

    ----------------------------------------------------------------------

==============================================================================


      Code (inc. data)   RO Data    RW Data    ZI Data      Debug   

     51450       1672       7078        128      11696     584448   Grand Totals
     51450       1672       7078        128      11696     584448   ELF Image Totals
     51450       1672       7078        128          0          0   ROM Totals

==============================================================================

    Total RO  Size (Code + RO Data)                58528 (  57.16kB)
    Total RW  Size (RW Data + ZI Data)             11824 (  11.55kB)
    Total ROM Size (Code + RO Data + RW Data)      58656 (  57.28kB)

==============================================================================

